192.168.137.1 - - [13/Dec/2022:15:24:53 +0800] "GET /nacos/v1/cs/health HTTP/1.1" 200 2 122 Apache-HttpAsyncClient/4.1.3 (Java/1.8.0_40)
192.168.137.1 - - [13/Dec/2022:15:24:57 +0800] "GET /nacos/v1/cs/health HTTP/1.1" 200 2 4 Apache-HttpAsyncClient/4.1.3 (Java/1.8.0_40)
192.168.137.1 - - [13/Dec/2022:15:25:02 +0800] "GET /nacos/v1/cs/health HTTP/1.1" 200 2 7 Apache-HttpAsyncClient/4.1.3 (Java/1.8.0_40)
192.168.137.1 - - [13/Dec/2022:15:25:06 +0800] "GET /nacos/index.html HTTP/1.1" 200 2611 27 Mozilla/5.0 (Windows NT 10.0; Win64; x64) AppleWebKit/537.36 (KHTML, like Gecko) Chrome/108.0.0.0 Safari/537.36
192.168.137.1 - - [13/Dec/2022:15:25:06 +0800] "GET /nacos/console-fe/public/css/icon.css HTTP/1.1" 200 5166 29 Mozilla/5.0 (Windows NT 10.0; Win64; x64) AppleWebKit/537.36 (KHTML, like Gecko) Chrome/108.0.0.0 Safari/537.36
192.168.137.1 - - [13/Dec/2022:15:25:06 +0800] "GET /nacos/console-fe/public/css/bootstrap.css HTTP/1.1" 200 123285 34 Mozilla/5.0 (Windows NT 10.0; Win64; x64) AppleWebKit/537.36 (KHTML, like Gecko) Chrome/108.0.0.0 Safari/537.36
192.168.137.1 - - [13/Dec/2022:15:25:06 +0800] "GET /nacos/console-fe/public/css/merge.css HTTP/1.1" 200 3857 33 Mozilla/5.0 (Windows NT 10.0; Win64; x64) AppleWebKit/537.36 (KHTML, like Gecko) Chrome/108.0.0.0 Safari/537.36
192.168.137.1 - - [13/Dec/2022:15:25:06 +0800] "GET /nacos/console-fe/public/css/codemirror.css HTTP/1.1" 200 8849 35 Mozilla/5.0 (Windows NT 10.0; Win64; x64) AppleWebKit/537.36 (KHTML, like Gecko) Chrome/108.0.0.0 Safari/537.36
192.168.137.1 - - [13/Dec/2022:15:25:06 +0800] "GET /nacos/console-fe/public/css/console1412.css HTTP/1.1" 200 156959 39 Mozilla/5.0 (Windows NT 10.0; Win64; x64) AppleWebKit/537.36 (KHTML, like Gecko) Chrome/108.0.0.0 Safari/537.36
192.168.137.1 - - [13/Dec/2022:15:25:06 +0800] "GET /nacos/console-fe/public/css/font-awesome.css HTTP/1.1" 200 33841 35 Mozilla/5.0 (Windows NT 10.0; Win64; x64) AppleWebKit/537.36 (KHTML, like Gecko) Chrome/108.0.0.0 Safari/537.36
192.168.137.1 - - [13/Dec/2022:15:25:06 +0800] "GET /nacos/console-fe/public/js/javascript.js HTTP/1.1" 200 32200 15 Mozilla/5.0 (Windows NT 10.0; Win64; x64) AppleWebKit/537.36 (KHTML, like Gecko) Chrome/108.0.0.0 Safari/537.36
192.168.137.1 - - [13/Dec/2022:15:25:06 +0800] "GET /nacos/console-fe/public/js/jquery.js HTTP/1.1" 200 86658 22 Mozilla/5.0 (Windows NT 10.0; Win64; x64) AppleWebKit/537.36 (KHTML, like Gecko) Chrome/108.0.0.0 Safari/537.36
192.168.137.1 - - [13/Dec/2022:15:25:06 +0800] "GET /nacos/console-fe/public/js/codemirror.js HTTP/1.1" 200 366237 65 Mozilla/5.0 (Windows NT 10.0; Win64; x64) AppleWebKit/537.36 (KHTML, like Gecko) Chrome/108.0.0.0 Safari/537.36
192.168.137.1 - - [13/Dec/2022:15:25:06 +0800] "GET /nacos/console-fe/public/js/xml.js HTTP/1.1" 200 13050 38 Mozilla/5.0 (Windows NT 10.0; Win64; x64) AppleWebKit/537.36 (KHTML, like Gecko) Chrome/108.0.0.0 Safari/537.36
192.168.137.1 - - [13/Dec/2022:15:25:06 +0800] "GET /nacos/css/main.css HTTP/1.1" 200 376874 71 Mozilla/5.0 (Windows NT 10.0; Win64; x64) AppleWebKit/537.36 (KHTML, like Gecko) Chrome/108.0.0.0 Safari/537.36
192.168.137.1 - - [13/Dec/2022:15:25:06 +0800] "GET /nacos/console-fe/public/js/codemirror.addone.fullscreen.js HTTP/1.1" 200 1973 36 Mozilla/5.0 (Windows NT 10.0; Win64; x64) AppleWebKit/537.36 (KHTML, like Gecko) Chrome/108.0.0.0 Safari/537.36
192.168.137.1 - - [13/Dec/2022:15:25:06 +0800] "GET /nacos/console-fe/public/js/codemirror.addone.json-lint.js HTTP/1.1" 200 1433 9 Mozilla/5.0 (Windows NT 10.0; Win64; x64) AppleWebKit/537.36 (KHTML, like Gecko) Chrome/108.0.0.0 Safari/537.36
192.168.137.1 - - [13/Dec/2022:15:25:06 +0800] "GET /nacos/console-fe/public/js/codemirror.addone.lint.js HTTP/1.1" 200 8511 15 Mozilla/5.0 (Windows NT 10.0; Win64; x64) AppleWebKit/537.36 (KHTML, like Gecko) Chrome/108.0.0.0 Safari/537.36
192.168.137.1 - - [13/Dec/2022:15:25:06 +0800] "GET /nacos/console-fe/public/js/codemirror.lib.json-lint.js HTTP/1.1" 200 16797 15 Mozilla/5.0 (Windows NT 10.0; Win64; x64) AppleWebKit/537.36 (KHTML, like Gecko) Chrome/108.0.0.0 Safari/537.36
192.168.137.1 - - [13/Dec/2022:15:25:06 +0800] "GET /nacos/console-fe/public/js/codemirror.lib.clike-lint.js HTTP/1.1" 200 31521 14 Mozilla/5.0 (Windows NT 10.0; Win64; x64) AppleWebKit/537.36 (KHTML, like Gecko) Chrome/108.0.0.0 Safari/537.36
192.168.137.1 - - [13/Dec/2022:15:25:06 +0800] "GET /nacos/console-fe/public/js/diff_match_patch.js HTTP/1.1" 200 19192 14 Mozilla/5.0 (Windows NT 10.0; Win64; x64) AppleWebKit/537.36 (KHTML, like Gecko) Chrome/108.0.0.0 Safari/537.36
192.168.137.1 - - [13/Dec/2022:15:25:06 +0800] "GET /nacos/console-fe/public/js/merge.js HTTP/1.1" 200 37874 14 Mozilla/5.0 (Windows NT 10.0; Win64; x64) AppleWebKit/537.36 (KHTML, like Gecko) Chrome/108.0.0.0 Safari/537.36
192.168.137.1 - - [13/Dec/2022:15:25:06 +0800] "GET /nacos/console-fe/public/js/loader.js HTTP/1.1" 200 28899 15 Mozilla/5.0 (Windows NT 10.0; Win64; x64) AppleWebKit/537.36 (KHTML, like Gecko) Chrome/108.0.0.0 Safari/537.36
192.168.137.1 - - [13/Dec/2022:15:25:06 +0800] "GET /nacos/js/main.js HTTP/1.1" 200 1412912 92 Mozilla/5.0 (Windows NT 10.0; Win64; x64) AppleWebKit/537.36 (KHTML, like Gecko) Chrome/108.0.0.0 Safari/537.36
192.168.137.1 - - [13/Dec/2022:15:25:06 +0800] "GET /nacos/console-fe/public/js/vs/editor/editor.main.js HTTP/1.1" 200 1824086 40 Mozilla/5.0 (Windows NT 10.0; Win64; x64) AppleWebKit/537.36 (KHTML, like Gecko) Chrome/108.0.0.0 Safari/537.36
192.168.137.1 - - [13/Dec/2022:15:25:06 +0800] "GET /nacos/img/logo-2000-390.svg HTTP/1.1" 200 2106 12 Mozilla/5.0 (Windows NT 10.0; Win64; x64) AppleWebKit/537.36 (KHTML, like Gecko) Chrome/108.0.0.0 Safari/537.36
192.168.137.1 - - [13/Dec/2022:15:25:06 +0800] "GET /nacos/v1/console/server/state HTTP/1.1" 200 82 55 Mozilla/5.0 (Windows NT 10.0; Win64; x64) AppleWebKit/537.36 (KHTML, like Gecko) Chrome/108.0.0.0 Safari/537.36
192.168.137.1 - - [13/Dec/2022:15:25:06 +0800] "GET /nacos/v1/console/namespaces?namespaceId= HTTP/1.1" 401 154 130 Mozilla/5.0 (Windows NT 10.0; Win64; x64) AppleWebKit/537.36 (KHTML, like Gecko) Chrome/108.0.0.0 Safari/537.36
192.168.137.1 - - [13/Dec/2022:15:25:06 +0800] "GET /nacos/console-fe/public/icons/icon-font.woff HTTP/1.1" 200 5504 32 Mozilla/5.0 (Windows NT 10.0; Win64; x64) AppleWebKit/537.36 (KHTML, like Gecko) Chrome/108.0.0.0 Safari/537.36
192.168.137.1 - - [13/Dec/2022:15:25:06 +0800] "GET /nacos/console-fe/public/css/fonts/aliyun-console-font.ttf?t91au5 HTTP/1.1" 200 169536 38 Mozilla/5.0 (Windows NT 10.0; Win64; x64) AppleWebKit/537.36 (KHTML, like Gecko) Chrome/108.0.0.0 Safari/537.36
192.168.137.1 - - [13/Dec/2022:15:25:06 +0800] "GET /nacos/console-fe/public/js/vs/editor/editor.main.css HTTP/1.1" 200 172199 13 Mozilla/5.0 (Windows NT 10.0; Win64; x64) AppleWebKit/537.36 (KHTML, like Gecko) Chrome/108.0.0.0 Safari/537.36
192.168.137.1 - - [13/Dec/2022:15:25:06 +0800] "GET /nacos/console-fe/public/js/vs/editor/editor.main.nls.zh-cn.js HTTP/1.1" 200 22854 11 Mozilla/5.0 (Windows NT 10.0; Win64; x64) AppleWebKit/537.36 (KHTML, like Gecko) Chrome/108.0.0.0 Safari/537.36
192.168.137.1 - - [13/Dec/2022:15:25:06 +0800] "GET /nacos/img/black_dot.png HTTP/1.1" 200 114 10 Mozilla/5.0 (Windows NT 10.0; Win64; x64) AppleWebKit/537.36 (KHTML, like Gecko) Chrome/108.0.0.0 Safari/537.36
192.168.137.1 - - [13/Dec/2022:15:25:06 +0800] "GET /nacos/img/nacos.png HTTP/1.1" 200 3588 19 Mozilla/5.0 (Windows NT 10.0; Win64; x64) AppleWebKit/537.36 (KHTML, like Gecko) Chrome/108.0.0.0 Safari/537.36
192.168.137.1 - - [13/Dec/2022:15:25:07 +0800] "GET /nacos/v1/cs/configs?search=accurate&dataId=&group=&appName=&config_tags=&pageNo=1&pageSize=10&tenant=&namespaceId= HTTP/1.1" 200 243 167 Mozilla/5.0 (Windows NT 10.0; Win64; x64) AppleWebKit/537.36 (KHTML, like Gecko) Chrome/108.0.0.0 Safari/537.36
192.168.137.1 - - [13/Dec/2022:15:25:07 +0800] "GET /nacos/console-fe/public/img/favicon.ico HTTP/1.1" 200 4286 19 Mozilla/5.0 (Windows NT 10.0; Win64; x64) AppleWebKit/537.36 (KHTML, like Gecko) Chrome/108.0.0.0 Safari/537.36
192.168.137.1 - - [13/Dec/2022:15:25:07 +0800] "GET /nacos/v1/cs/health HTTP/1.1" 200 2 4 Apache-HttpAsyncClient/4.1.3 (Java/1.8.0_40)
192.168.137.1 - - [13/Dec/2022:15:25:12 +0800] "GET /nacos/v1/cs/health HTTP/1.1" 200 2 4 Apache-HttpAsyncClient/4.1.3 (Java/1.8.0_40)
192.168.137.1 - - [13/Dec/2022:15:25:17 +0800] "GET /nacos/v1/cs/health HTTP/1.1" 200 2 5 Apache-HttpAsyncClient/4.1.3 (Java/1.8.0_40)
192.168.137.1 - - [13/Dec/2022:15:25:22 +0800] "GET /nacos/v1/cs/health HTTP/1.1" 200 2 3 Apache-HttpAsyncClient/4.1.3 (Java/1.8.0_40)
0:0:0:0:0:0:0:1 - - [13/Dec/2022:15:25:24 +0800] "GET /nacos/v1/console/server/state HTTP/1.1" 200 82 6 Mozilla/5.0 (Windows NT 10.0; Win64; x64) AppleWebKit/537.36 (KHTML, like Gecko) Chrome/108.0.0.0 Safari/537.36
0:0:0:0:0:0:0:1 - - [13/Dec/2022:15:25:25 +0800] "GET /nacos/v1/console/namespaces?namespaceId=29bed501-d41e-4703-aacf-01cea31bd5e8 HTTP/1.1" 401 154 283 Mozilla/5.0 (Windows NT 10.0; Win64; x64) AppleWebKit/537.36 (KHTML, like Gecko) Chrome/108.0.0.0 Safari/537.36
0:0:0:0:0:0:0:1 - - [13/Dec/2022:15:25:25 +0800] "GET /nacos/v1/cs/configs?search=accurate&dataId=&group=&appName=&config_tags=&pageNo=1&pageSize=10&tenant=&namespaceId= HTTP/1.1" 200 243 15 Mozilla/5.0 (Windows NT 10.0; Win64; x64) AppleWebKit/537.36 (KHTML, like Gecko) Chrome/108.0.0.0 Safari/537.36
0:0:0:0:0:0:0:1 - - [13/Dec/2022:15:25:27 +0800] "GET / HTTP/1.1" 404 796 5 Mozilla/5.0 (Windows NT 10.0; Win64; x64) AppleWebKit/537.36 (KHTML, like Gecko) Chrome/108.0.0.0 Safari/537.36
0:0:0:0:0:0:0:1 - - [13/Dec/2022:15:25:27 +0800] "GET /favicon.ico HTTP/1.1" 404 796 1 Mozilla/5.0 (Windows NT 10.0; Win64; x64) AppleWebKit/537.36 (KHTML, like Gecko) Chrome/108.0.0.0 Safari/537.36
192.168.137.1 - - [13/Dec/2022:15:25:27 +0800] "GET /nacos/v1/cs/health HTTP/1.1" 200 2 4 Apache-HttpAsyncClient/4.1.3 (Java/1.8.0_40)
192.168.137.1 - - [13/Dec/2022:15:25:32 +0800] "GET /nacos/v1/cs/health HTTP/1.1" 200 2 4 Apache-HttpAsyncClient/4.1.3 (Java/1.8.0_40)
0:0:0:0:0:0:0:1 - - [13/Dec/2022:15:25:33 +0800] "GET /nacos HTTP/1.1" 302 - 0 Mozilla/5.0 (Windows NT 10.0; Win64; x64) AppleWebKit/537.36 (KHTML, like Gecko) Chrome/108.0.0.0 Safari/537.36
0:0:0:0:0:0:0:1 - - [13/Dec/2022:15:25:33 +0800] "GET /nacos/v1/console/server/state HTTP/1.1" 200 82 4 Mozilla/5.0 (Windows NT 10.0; Win64; x64) AppleWebKit/537.36 (KHTML, like Gecko) Chrome/108.0.0.0 Safari/537.36
0:0:0:0:0:0:0:1 - - [13/Dec/2022:15:25:33 +0800] "GET /nacos/v1/console/namespaces?namespaceId= HTTP/1.1" 401 154 10 Mozilla/5.0 (Windows NT 10.0; Win64; x64) AppleWebKit/537.36 (KHTML, like Gecko) Chrome/108.0.0.0 Safari/537.36
0:0:0:0:0:0:0:1 - - [13/Dec/2022:15:25:33 +0800] "GET /nacos/v1/cs/configs?search=accurate&dataId=&group=&appName=&config_tags=&pageNo=1&pageSize=10&tenant=&namespaceId= HTTP/1.1" 200 243 6 Mozilla/5.0 (Windows NT 10.0; Win64; x64) AppleWebKit/537.36 (KHTML, like Gecko) Chrome/108.0.0.0 Safari/537.36
0:0:0:0:0:0:0:1 - - [13/Dec/2022:15:25:35 +0800] "POST /nacos/v1/auth/login HTTP/1.1" 200 176 201 Mozilla/5.0 (Windows NT 10.0; Win64; x64) AppleWebKit/537.36 (KHTML, like Gecko) Chrome/108.0.0.0 Safari/537.36
0:0:0:0:0:0:0:1 - - [13/Dec/2022:15:25:35 +0800] "GET /nacos/v1/console/server/state HTTP/1.1" 200 82 3 Mozilla/5.0 (Windows NT 10.0; Win64; x64) AppleWebKit/537.36 (KHTML, like Gecko) Chrome/108.0.0.0 Safari/537.36
0:0:0:0:0:0:0:1 - - [13/Dec/2022:15:25:35 +0800] "GET /nacos/v1/console/namespaces?namespaceId= HTTP/1.1" 200 719 61 Mozilla/5.0 (Windows NT 10.0; Win64; x64) AppleWebKit/537.36 (KHTML, like Gecko) Chrome/108.0.0.0 Safari/537.36
0:0:0:0:0:0:0:1 - - [13/Dec/2022:15:25:35 +0800] "GET /nacos/v1/cs/configs?search=accurate&dataId=&group=&appName=&config_tags=&pageNo=1&pageSize=10&tenant=&namespaceId= HTTP/1.1" 200 243 7 Mozilla/5.0 (Windows NT 10.0; Win64; x64) AppleWebKit/537.36 (KHTML, like Gecko) Chrome/108.0.0.0 Safari/537.36
192.168.137.1 - - [13/Dec/2022:15:25:37 +0800] "GET /nacos/v1/cs/health HTTP/1.1" 200 2 3 Apache-HttpAsyncClient/4.1.3 (Java/1.8.0_40)
192.168.137.1 - - [13/Dec/2022:15:25:40 +0800] "GET /nacos/v1/console/server/state HTTP/1.1" 200 82 4 Mozilla/5.0 (Windows NT 10.0; Win64; x64) AppleWebKit/537.36 (KHTML, like Gecko) Chrome/108.0.0.0 Safari/537.36
192.168.137.1 - - [13/Dec/2022:15:25:40 +0800] "GET /nacos/v1/console/namespaces?namespaceId= HTTP/1.1" 401 154 5 Mozilla/5.0 (Windows NT 10.0; Win64; x64) AppleWebKit/537.36 (KHTML, like Gecko) Chrome/108.0.0.0 Safari/537.36
192.168.137.1 - - [13/Dec/2022:15:25:40 +0800] "GET /nacos/v1/cs/configs?search=accurate&dataId=&group=&appName=&config_tags=&pageNo=1&pageSize=10&tenant=&namespaceId= HTTP/1.1" 200 243 8 Mozilla/5.0 (Windows NT 10.0; Win64; x64) AppleWebKit/537.36 (KHTML, like Gecko) Chrome/108.0.0.0 Safari/537.36
192.168.137.1 - - [13/Dec/2022:15:25:43 +0800] "GET /nacos/v1/cs/health HTTP/1.1" 200 2 4 Apache-HttpAsyncClient/4.1.3 (Java/1.8.0_40)
192.168.137.1 - - [13/Dec/2022:15:25:48 +0800] "GET /nacos/v1/cs/health HTTP/1.1" 200 2 3 Apache-HttpAsyncClient/4.1.3 (Java/1.8.0_40)
192.168.137.1 - - [13/Dec/2022:15:25:50 +0800] "GET /nacos/v1/cs/configs?search=accurate&dataId=&group=&appName=&config_tags=&pageNo=1&pageSize=10&tenant=&namespaceId= HTTP/1.1" 200 243 10 Mozilla/5.0 (Windows NT 10.0; Win64; x64) AppleWebKit/537.36 (KHTML, like Gecko) Chrome/108.0.0.0 Safari/537.36
192.168.137.1 - - [13/Dec/2022:15:25:50 +0800] "POST /nacos/v1/auth/login HTTP/1.1" 200 60 85 Mozilla/5.0 (Windows NT 10.0; Win64; x64) AppleWebKit/537.36 (KHTML, like Gecko) Chrome/108.0.0.0 Safari/537.36
192.168.137.1 - - [13/Dec/2022:15:25:52 +0800] "POST /nacos/v1/auth/login HTTP/1.1" 200 60 77 Mozilla/5.0 (Windows NT 10.0; Win64; x64) AppleWebKit/537.36 (KHTML, like Gecko) Chrome/108.0.0.0 Safari/537.36
192.168.137.1 - - [13/Dec/2022:15:25:53 +0800] "GET /nacos/v1/cs/health HTTP/1.1" 200 2 6 Apache-HttpAsyncClient/4.1.3 (Java/1.8.0_40)
192.168.137.1 - - [13/Dec/2022:15:25:56 +0800] "POST /nacos/v1/auth/login HTTP/1.1" 200 60 86 Mozilla/5.0 (Windows NT 10.0; Win64; x64) AppleWebKit/537.36 (KHTML, like Gecko) Chrome/108.0.0.0 Safari/537.36
192.168.137.1 - - [13/Dec/2022:15:25:58 +0800] "GET /nacos/v1/cs/health HTTP/1.1" 200 2 2 Apache-HttpAsyncClient/4.1.3 (Java/1.8.0_40)
192.168.137.1 - - [13/Dec/2022:15:26:03 +0800] "GET /nacos/v1/cs/health HTTP/1.1" 200 2 3 Apache-HttpAsyncClient/4.1.3 (Java/1.8.0_40)
0:0:0:0:0:0:0:1 - - [13/Dec/2022:15:26:04 +0800] "GET /nacos/ HTTP/1.1" 304 - 24 Mozilla/5.0 (Windows NT 10.0; Win64; x64) AppleWebKit/537.36 (KHTML, like Gecko) Chrome/108.0.0.0 Safari/537.36
0:0:0:0:0:0:0:1 - - [13/Dec/2022:15:26:04 +0800] "GET /nacos/v1/console/namespaces?namespaceId= HTTP/1.1" 200 719 22 Mozilla/5.0 (Windows NT 10.0; Win64; x64) AppleWebKit/537.36 (KHTML, like Gecko) Chrome/108.0.0.0 Safari/537.36
0:0:0:0:0:0:0:1 - - [13/Dec/2022:15:26:04 +0800] "GET /nacos/v1/console/server/state HTTP/1.1" 200 82 5 Mozilla/5.0 (Windows NT 10.0; Win64; x64) AppleWebKit/537.36 (KHTML, like Gecko) Chrome/108.0.0.0 Safari/537.36
0:0:0:0:0:0:0:1 - - [13/Dec/2022:15:26:04 +0800] "GET /nacos/v1/cs/configs?search=accurate&dataId=&group=&appName=&config_tags=&pageNo=1&pageSize=10&tenant=&namespaceId= HTTP/1.1" 200 243 11 Mozilla/5.0 (Windows NT 10.0; Win64; x64) AppleWebKit/537.36 (KHTML, like Gecko) Chrome/108.0.0.0 Safari/537.36
0:0:0:0:0:0:0:1 - - [13/Dec/2022:15:26:07 +0800] "GET /nacos/v1/cs/configs?show=all&dataId=gulimall-coupon.properties&group=DEFAULT_GROUP&tenant=&namespaceId= HTTP/1.1" 200 407 48 Mozilla/5.0 (Windows NT 10.0; Win64; x64) AppleWebKit/537.36 (KHTML, like Gecko) Chrome/108.0.0.0 Safari/537.36
192.168.137.1 - - [13/Dec/2022:15:26:08 +0800] "GET /nacos/v1/cs/health HTTP/1.1" 200 2 3 Apache-HttpAsyncClient/4.1.3 (Java/1.8.0_40)
0:0:0:0:0:0:0:1 - - [13/Dec/2022:15:26:10 +0800] "GET /nacos/v1/cs/configs?search=accurate&dataId=&group=&appName=&config_tags=&pageNo=1&pageSize=10&tenant=&namespaceId= HTTP/1.1" 200 243 9 Mozilla/5.0 (Windows NT 10.0; Win64; x64) AppleWebKit/537.36 (KHTML, like Gecko) Chrome/108.0.0.0 Safari/537.36
192.168.137.1 - - [13/Dec/2022:15:26:13 +0800] "GET /nacos/v1/cs/health HTTP/1.1" 200 2 4 Apache-HttpAsyncClient/4.1.3 (Java/1.8.0_40)
0:0:0:0:0:0:0:1 - - [13/Dec/2022:15:26:13 +0800] "GET /nacos/v1/ns/catalog/services?hasIpCount=true&withInstances=false&pageNo=1&pageSize=10&keyword=&namespaceId= HTTP/1.1" 200 39 10 Mozilla/5.0 (Windows NT 10.0; Win64; x64) AppleWebKit/537.36 (KHTML, like Gecko) Chrome/108.0.0.0 Safari/537.36
0:0:0:0:0:0:0:1 - - [13/Dec/2022:15:26:15 +0800] "GET /nacos/v1/cs/configs?search=accurate&dataId=&group=&appName=&config_tags=&pageNo=1&pageSize=10&tenant=&namespaceId= HTTP/1.1" 200 243 8 Mozilla/5.0 (Windows NT 10.0; Win64; x64) AppleWebKit/537.36 (KHTML, like Gecko) Chrome/108.0.0.0 Safari/537.36
0:0:0:0:0:0:0:1 - - [13/Dec/2022:15:26:17 +0800] "GET /nacos/v1/cs/configs?search=accurate&dataId=&group=&appName=&config_tags=&pageNo=1&pageSize=10&tenant=29bed501-d41e-4703-aacf-01cea31bd5e8&namespaceId=29bed501-d41e-4703-aacf-01cea31bd5e8 HTTP/1.1" 200 671 7 Mozilla/5.0 (Windows NT 10.0; Win64; x64) AppleWebKit/537.36 (KHTML, like Gecko) Chrome/108.0.0.0 Safari/537.36
192.168.137.1 - - [13/Dec/2022:15:26:18 +0800] "GET /nacos/v1/cs/health HTTP/1.1" 200 2 3 Apache-HttpAsyncClient/4.1.3 (Java/1.8.0_40)
192.168.137.1 - - [13/Dec/2022:15:26:23 +0800] "GET /nacos/v1/cs/health HTTP/1.1" 200 2 4 Apache-HttpAsyncClient/4.1.3 (Java/1.8.0_40)
192.168.137.1 - - [13/Dec/2022:15:26:28 +0800] "GET /nacos/v1/cs/health HTTP/1.1" 200 2 4 Apache-HttpAsyncClient/4.1.3 (Java/1.8.0_40)
192.168.137.1 - - [13/Dec/2022:15:26:33 +0800] "GET /nacos/v1/cs/health HTTP/1.1" 200 2 5 Apache-HttpAsyncClient/4.1.3 (Java/1.8.0_40)
192.168.137.1 - - [13/Dec/2022:15:26:38 +0800] "GET /nacos/v1/cs/health HTTP/1.1" 200 2 4 Apache-HttpAsyncClient/4.1.3 (Java/1.8.0_40)
192.168.137.1 - - [13/Dec/2022:15:26:43 +0800] "GET /nacos/v1/cs/health HTTP/1.1" 200 2 4 Apache-HttpAsyncClient/4.1.3 (Java/1.8.0_40)
192.168.137.1 - - [13/Dec/2022:15:26:48 +0800] "GET /nacos/v1/cs/health HTTP/1.1" 200 2 4 Apache-HttpAsyncClient/4.1.3 (Java/1.8.0_40)
192.168.137.1 - - [13/Dec/2022:15:26:53 +0800] "GET /nacos/v1/cs/health HTTP/1.1" 200 2 7 Apache-HttpAsyncClient/4.1.3 (Java/1.8.0_40)
192.168.137.1 - - [13/Dec/2022:15:26:58 +0800] "GET /nacos/v1/cs/health HTTP/1.1" 200 2 4 Apache-HttpAsyncClient/4.1.3 (Java/1.8.0_40)
192.168.137.1 - - [13/Dec/2022:15:27:03 +0800] "GET /nacos/v1/cs/health HTTP/1.1" 200 2 2 Apache-HttpAsyncClient/4.1.3 (Java/1.8.0_40)
192.168.137.1 - - [13/Dec/2022:15:27:08 +0800] "GET /nacos/v1/cs/health HTTP/1.1" 200 2 3 Apache-HttpAsyncClient/4.1.3 (Java/1.8.0_40)
192.168.137.1 - - [13/Dec/2022:15:27:13 +0800] "GET /nacos/v1/cs/health HTTP/1.1" 200 2 4 Apache-HttpAsyncClient/4.1.3 (Java/1.8.0_40)
192.168.137.1 - - [13/Dec/2022:15:27:18 +0800] "GET /nacos/v1/cs/health HTTP/1.1" 200 2 4 Apache-HttpAsyncClient/4.1.3 (Java/1.8.0_40)
192.168.137.1 - - [13/Dec/2022:15:27:23 +0800] "GET /nacos/v1/cs/health HTTP/1.1" 200 2 6 Apache-HttpAsyncClient/4.1.3 (Java/1.8.0_40)
192.168.137.1 - - [13/Dec/2022:15:27:28 +0800] "GET /nacos/v1/cs/health HTTP/1.1" 200 2 4 Apache-HttpAsyncClient/4.1.3 (Java/1.8.0_40)
192.168.137.1 - - [13/Dec/2022:15:27:33 +0800] "GET /nacos/v1/cs/health HTTP/1.1" 200 2 4 Apache-HttpAsyncClient/4.1.3 (Java/1.8.0_40)
192.168.137.1 - - [13/Dec/2022:15:27:38 +0800] "GET /nacos/v1/cs/health HTTP/1.1" 200 2 3 Apache-HttpAsyncClient/4.1.3 (Java/1.8.0_40)
192.168.137.1 - - [13/Dec/2022:15:27:43 +0800] "GET /nacos/v1/cs/health HTTP/1.1" 200 2 2 Apache-HttpAsyncClient/4.1.3 (Java/1.8.0_40)
192.168.137.1 - - [13/Dec/2022:15:27:48 +0800] "GET /nacos/v1/cs/health HTTP/1.1" 200 2 4 Apache-HttpAsyncClient/4.1.3 (Java/1.8.0_40)
192.168.137.1 - - [13/Dec/2022:15:27:53 +0800] "GET /nacos/v1/cs/health HTTP/1.1" 200 2 3 Apache-HttpAsyncClient/4.1.3 (Java/1.8.0_40)
192.168.137.1 - - [13/Dec/2022:15:27:58 +0800] "GET /nacos/v1/cs/health HTTP/1.1" 200 2 3 Apache-HttpAsyncClient/4.1.3 (Java/1.8.0_40)
0:0:0:0:0:0:0:1 - - [13/Dec/2022:15:28:00 +0800] "DELETE /nacos/v1/cs/configs?dataId=gulimall-coupon.properties&group=DEFAULT_GROUP&tenant=29bed501-d41e-4703-aacf-01cea31bd5e8 HTTP/1.1" 200 14 90 Mozilla/5.0 (Windows NT 10.0; Win64; x64) AppleWebKit/537.36 (KHTML, like Gecko) Chrome/108.0.0.0 Safari/537.36
192.168.137.1 - - [13/Dec/2022:15:28:00 +0800] "GET /nacos/v1/cs/communication/dataChange?dataId=gulimall-coupon.properties&group=DEFAULT_GROUP&tenant=29bed501-d41e-4703-aacf-01cea31bd5e8 HTTP/1.1" 200 14 12 Apache-HttpAsyncClient/4.1.3 (Java/1.8.0_40)
0:0:0:0:0:0:0:1 - - [13/Dec/2022:15:28:00 +0800] "GET /nacos/v1/cs/configs?search=accurate&dataId=&group=&appName=&config_tags=&pageNo=1&pageSize=10&tenant=29bed501-d41e-4703-aacf-01cea31bd5e8&namespaceId=29bed501-d41e-4703-aacf-01cea31bd5e8 HTTP/1.1" 200 467 13 Mozilla/5.0 (Windows NT 10.0; Win64; x64) AppleWebKit/537.36 (KHTML, like Gecko) Chrome/108.0.0.0 Safari/537.36
192.168.137.1 - - [13/Dec/2022:15:28:03 +0800] "GET /nacos/v1/cs/health HTTP/1.1" 200 2 4 Apache-HttpAsyncClient/4.1.3 (Java/1.8.0_40)
192.168.137.1 - - [13/Dec/2022:15:28:08 +0800] "GET /nacos/v1/cs/health HTTP/1.1" 200 2 3 Apache-HttpAsyncClient/4.1.3 (Java/1.8.0_40)
0:0:0:0:0:0:0:1 - - [13/Dec/2022:15:28:11 +0800] "GET /nacos/v1/cs/configs?export=true&group=&tenant=&appName=&ids=8, HTTP/1.1" 200 22 72 Mozilla/5.0 (Windows NT 10.0; Win64; x64) AppleWebKit/537.36 (KHTML, like Gecko) Chrome/108.0.0.0 Safari/537.36
192.168.137.1 - - [13/Dec/2022:15:28:13 +0800] "GET /nacos/v1/cs/health HTTP/1.1" 200 2 3 Apache-HttpAsyncClient/4.1.3 (Java/1.8.0_40)
192.168.137.1 - - [13/Dec/2022:15:28:18 +0800] "GET /nacos/v1/cs/health HTTP/1.1" 200 2 3 Apache-HttpAsyncClient/4.1.3 (Java/1.8.0_40)
192.168.137.1 - - [13/Dec/2022:15:28:23 +0800] "GET /nacos/v1/cs/health HTTP/1.1" 200 2 3 Apache-HttpAsyncClient/4.1.3 (Java/1.8.0_40)
192.168.137.1 - - [13/Dec/2022:15:28:28 +0800] "GET /nacos/v1/cs/health HTTP/1.1" 200 2 3 Apache-HttpAsyncClient/4.1.3 (Java/1.8.0_40)
192.168.137.1 - - [13/Dec/2022:15:28:33 +0800] "GET /nacos/v1/cs/health HTTP/1.1" 200 2 4 Apache-HttpAsyncClient/4.1.3 (Java/1.8.0_40)
192.168.137.1 - - [13/Dec/2022:15:28:38 +0800] "GET /nacos/v1/cs/health HTTP/1.1" 200 2 4 Apache-HttpAsyncClient/4.1.3 (Java/1.8.0_40)
192.168.137.1 - - [13/Dec/2022:15:28:43 +0800] "GET /nacos/v1/cs/health HTTP/1.1" 200 2 3 Apache-HttpAsyncClient/4.1.3 (Java/1.8.0_40)
192.168.137.1 - - [13/Dec/2022:15:28:48 +0800] "GET /nacos/v1/cs/health HTTP/1.1" 200 2 3 Apache-HttpAsyncClient/4.1.3 (Java/1.8.0_40)
192.168.137.1 - - [13/Dec/2022:15:28:53 +0800] "GET /nacos/v1/cs/health HTTP/1.1" 200 2 4 Apache-HttpAsyncClient/4.1.3 (Java/1.8.0_40)
192.168.137.1 - - [13/Dec/2022:15:28:58 +0800] "GET /nacos/v1/cs/health HTTP/1.1" 200 2 3 Apache-HttpAsyncClient/4.1.3 (Java/1.8.0_40)
192.168.137.1 - - [13/Dec/2022:15:29:03 +0800] "GET /nacos/v1/cs/health HTTP/1.1" 200 2 5 Apache-HttpAsyncClient/4.1.3 (Java/1.8.0_40)
0:0:0:0:0:0:0:1 - - [13/Dec/2022:15:29:05 +0800] "GET /nacos/console-fe/public/js/vs/basic-languages/src/yaml.js HTTP/1.1" 200 3869 7 Mozilla/5.0 (Windows NT 10.0; Win64; x64) AppleWebKit/537.36 (KHTML, like Gecko) Chrome/108.0.0.0 Safari/537.36
192.168.137.1 - - [13/Dec/2022:15:29:08 +0800] "GET /nacos/v1/cs/health HTTP/1.1" 200 2 2 Apache-HttpAsyncClient/4.1.3 (Java/1.8.0_40)
192.168.137.1 - - [13/Dec/2022:15:29:13 +0800] "GET /nacos/v1/cs/health HTTP/1.1" 200 2 3 Apache-HttpAsyncClient/4.1.3 (Java/1.8.0_40)
192.168.137.1 - - [13/Dec/2022:15:29:18 +0800] "GET /nacos/v1/cs/health HTTP/1.1" 200 2 3 Apache-HttpAsyncClient/4.1.3 (Java/1.8.0_40)
192.168.137.1 - - [13/Dec/2022:15:29:23 +0800] "GET /nacos/v1/cs/health HTTP/1.1" 200 2 3 Apache-HttpAsyncClient/4.1.3 (Java/1.8.0_40)
192.168.137.1 - - [13/Dec/2022:15:29:28 +0800] "GET /nacos/v1/cs/health HTTP/1.1" 200 2 3 Apache-HttpAsyncClient/4.1.3 (Java/1.8.0_40)
192.168.137.1 - - [13/Dec/2022:15:29:33 +0800] "GET /nacos/v1/cs/health HTTP/1.1" 200 2 3 Apache-HttpAsyncClient/4.1.3 (Java/1.8.0_40)
192.168.137.1 - - [13/Dec/2022:15:29:38 +0800] "GET /nacos/v1/cs/health HTTP/1.1" 200 2 3 Apache-HttpAsyncClient/4.1.3 (Java/1.8.0_40)
192.168.137.1 - - [13/Dec/2022:15:29:43 +0800] "GET /nacos/v1/cs/health HTTP/1.1" 200 2 4 Apache-HttpAsyncClient/4.1.3 (Java/1.8.0_40)
192.168.137.1 - - [13/Dec/2022:15:29:48 +0800] "GET /nacos/v1/cs/health HTTP/1.1" 200 2 4 Apache-HttpAsyncClient/4.1.3 (Java/1.8.0_40)
192.168.137.1 - - [13/Dec/2022:15:29:53 +0800] "GET /nacos/v1/cs/health HTTP/1.1" 200 2 3 Apache-HttpAsyncClient/4.1.3 (Java/1.8.0_40)
192.168.137.1 - - [13/Dec/2022:15:29:58 +0800] "GET /nacos/v1/cs/health HTTP/1.1" 200 2 3 Apache-HttpAsyncClient/4.1.3 (Java/1.8.0_40)
192.168.137.1 - - [13/Dec/2022:15:30:03 +0800] "GET /nacos/v1/cs/health HTTP/1.1" 200 2 5 Apache-HttpAsyncClient/4.1.3 (Java/1.8.0_40)
192.168.137.1 - - [13/Dec/2022:15:30:08 +0800] "GET /nacos/v1/cs/health HTTP/1.1" 200 2 3 Apache-HttpAsyncClient/4.1.3 (Java/1.8.0_40)
192.168.137.1 - - [13/Dec/2022:15:30:13 +0800] "GET /nacos/v1/cs/health HTTP/1.1" 200 2 4 Apache-HttpAsyncClient/4.1.3 (Java/1.8.0_40)
192.168.137.1 - - [13/Dec/2022:15:30:18 +0800] "GET /nacos/v1/cs/health HTTP/1.1" 200 2 3 Apache-HttpAsyncClient/4.1.3 (Java/1.8.0_40)
192.168.137.1 - - [13/Dec/2022:15:30:23 +0800] "GET /nacos/v1/cs/health HTTP/1.1" 200 2 2 Apache-HttpAsyncClient/4.1.3 (Java/1.8.0_40)
192.168.137.1 - - [13/Dec/2022:15:30:28 +0800] "GET /nacos/v1/cs/health HTTP/1.1" 200 2 3 Apache-HttpAsyncClient/4.1.3 (Java/1.8.0_40)
192.168.137.1 - - [13/Dec/2022:15:30:33 +0800] "GET /nacos/v1/cs/health HTTP/1.1" 200 2 5 Apache-HttpAsyncClient/4.1.3 (Java/1.8.0_40)
192.168.137.1 - - [13/Dec/2022:15:30:38 +0800] "GET /nacos/v1/cs/health HTTP/1.1" 200 2 3 Apache-HttpAsyncClient/4.1.3 (Java/1.8.0_40)
192.168.137.1 - - [13/Dec/2022:15:30:43 +0800] "GET /nacos/v1/cs/health HTTP/1.1" 200 2 4 Apache-HttpAsyncClient/4.1.3 (Java/1.8.0_40)
0:0:0:0:0:0:0:1 - - [13/Dec/2022:15:30:47 +0800] "GET /nacos/v1/cs/configs?show=all&dataId=datasource.yml&group=dev&tenant=29bed501-d41e-4703-aacf-01cea31bd5e8&namespaceId=29bed501-d41e-4703-aacf-01cea31bd5e8 HTTP/1.1" 200 - 7 Mozilla/5.0 (Windows NT 10.0; Win64; x64) AppleWebKit/537.36 (KHTML, like Gecko) Chrome/108.0.0.0 Safari/537.36
0:0:0:0:0:0:0:1 - - [13/Dec/2022:15:30:47 +0800] "POST /nacos/v1/cs/configs HTTP/1.1" 200 14 47 Mozilla/5.0 (Windows NT 10.0; Win64; x64) AppleWebKit/537.36 (KHTML, like Gecko) Chrome/108.0.0.0 Safari/537.36
192.168.137.1 - - [13/Dec/2022:15:30:47 +0800] "GET /nacos/v1/cs/communication/dataChange?dataId=datasource.yml&group=dev&tenant=29bed501-d41e-4703-aacf-01cea31bd5e8 HTTP/1.1" 200 14 7 Apache-HttpAsyncClient/4.1.3 (Java/1.8.0_40)
192.168.137.1 - - [13/Dec/2022:15:30:48 +0800] "GET /nacos/v1/cs/health HTTP/1.1" 200 2 3 Apache-HttpAsyncClient/4.1.3 (Java/1.8.0_40)
192.168.137.1 - - [13/Dec/2022:15:30:53 +0800] "GET /nacos/v1/cs/health HTTP/1.1" 200 2 4 Apache-HttpAsyncClient/4.1.3 (Java/1.8.0_40)
0:0:0:0:0:0:0:1 - - [13/Dec/2022:15:30:56 +0800] "GET /nacos/v1/cs/configs?search=accurate&dataId=&group=&appName=&config_tags=&pageNo=1&pageSize=10&tenant=29bed501-d41e-4703-aacf-01cea31bd5e8&namespaceId=29bed501-d41e-4703-aacf-01cea31bd5e8 HTTP/1.1" 200 778 13 Mozilla/5.0 (Windows NT 10.0; Win64; x64) AppleWebKit/537.36 (KHTML, like Gecko) Chrome/108.0.0.0 Safari/537.36
192.168.137.1 - - [13/Dec/2022:15:30:58 +0800] "GET /nacos/v1/cs/health HTTP/1.1" 200 2 3 Apache-HttpAsyncClient/4.1.3 (Java/1.8.0_40)
192.168.137.1 - - [13/Dec/2022:15:31:03 +0800] "GET /nacos/v1/cs/health HTTP/1.1" 200 2 5 Apache-HttpAsyncClient/4.1.3 (Java/1.8.0_40)
192.168.137.1 - - [13/Dec/2022:15:31:08 +0800] "GET /nacos/v1/cs/health HTTP/1.1" 200 2 4 Apache-HttpAsyncClient/4.1.3 (Java/1.8.0_40)
192.168.137.1 - - [13/Dec/2022:15:31:13 +0800] "GET /nacos/v1/cs/health HTTP/1.1" 200 2 4 Apache-HttpAsyncClient/4.1.3 (Java/1.8.0_40)
192.168.137.1 - - [13/Dec/2022:15:31:18 +0800] "GET /nacos/v1/cs/health HTTP/1.1" 200 2 3 Apache-HttpAsyncClient/4.1.3 (Java/1.8.0_40)
0:0:0:0:0:0:0:1 - - [13/Dec/2022:15:31:19 +0800] "GET /nacos/v1/cs/configs?show=all&dataId=mybatis.yml&group=dev&tenant=29bed501-d41e-4703-aacf-01cea31bd5e8&namespaceId=29bed501-d41e-4703-aacf-01cea31bd5e8 HTTP/1.1" 200 - 4 Mozilla/5.0 (Windows NT 10.0; Win64; x64) AppleWebKit/537.36 (KHTML, like Gecko) Chrome/108.0.0.0 Safari/537.36
0:0:0:0:0:0:0:1 - - [13/Dec/2022:15:31:19 +0800] "POST /nacos/v1/cs/configs HTTP/1.1" 200 14 18 Mozilla/5.0 (Windows NT 10.0; Win64; x64) AppleWebKit/537.36 (KHTML, like Gecko) Chrome/108.0.0.0 Safari/537.36
192.168.137.1 - - [13/Dec/2022:15:31:19 +0800] "GET /nacos/v1/cs/communication/dataChange?dataId=mybatis.yml&group=dev&tenant=29bed501-d41e-4703-aacf-01cea31bd5e8 HTTP/1.1" 200 14 11 Apache-HttpAsyncClient/4.1.3 (Java/1.8.0_40)
0:0:0:0:0:0:0:1 - - [13/Dec/2022:15:31:20 +0800] "GET /nacos/v1/cs/configs?search=accurate&dataId=&group=&appName=&config_tags=&pageNo=1&pageSize=10&tenant=29bed501-d41e-4703-aacf-01cea31bd5e8&namespaceId=29bed501-d41e-4703-aacf-01cea31bd5e8 HTTP/1.1" 200 1034 6 Mozilla/5.0 (Windows NT 10.0; Win64; x64) AppleWebKit/537.36 (KHTML, like Gecko) Chrome/108.0.0.0 Safari/537.36
192.168.137.1 - - [13/Dec/2022:15:31:23 +0800] "GET /nacos/v1/cs/health HTTP/1.1" 200 2 3 Apache-HttpAsyncClient/4.1.3 (Java/1.8.0_40)
192.168.137.1 - - [13/Dec/2022:15:31:28 +0800] "GET /nacos/v1/cs/health HTTP/1.1" 200 2 2 Apache-HttpAsyncClient/4.1.3 (Java/1.8.0_40)
192.168.137.1 - - [13/Dec/2022:15:31:33 +0800] "GET /nacos/v1/cs/health HTTP/1.1" 200 2 4 Apache-HttpAsyncClient/4.1.3 (Java/1.8.0_40)
192.168.137.1 - - [13/Dec/2022:15:31:38 +0800] "GET /nacos/v1/cs/health HTTP/1.1" 200 2 3 Apache-HttpAsyncClient/4.1.3 (Java/1.8.0_40)
192.168.137.1 - - [13/Dec/2022:15:31:43 +0800] "GET /nacos/v1/cs/health HTTP/1.1" 200 2 2 Apache-HttpAsyncClient/4.1.3 (Java/1.8.0_40)
192.168.137.1 - - [13/Dec/2022:15:31:48 +0800] "GET /nacos/v1/cs/health HTTP/1.1" 200 2 4 Apache-HttpAsyncClient/4.1.3 (Java/1.8.0_40)
192.168.137.1 - - [13/Dec/2022:15:31:53 +0800] "GET /nacos/v1/cs/health HTTP/1.1" 200 2 2 Apache-HttpAsyncClient/4.1.3 (Java/1.8.0_40)
192.168.137.1 - - [13/Dec/2022:15:31:58 +0800] "GET /nacos/v1/cs/health HTTP/1.1" 200 2 4 Apache-HttpAsyncClient/4.1.3 (Java/1.8.0_40)
192.168.137.1 - - [13/Dec/2022:15:32:03 +0800] "GET /nacos/v1/cs/health HTTP/1.1" 200 2 3 Apache-HttpAsyncClient/4.1.3 (Java/1.8.0_40)
0:0:0:0:0:0:0:1 - - [13/Dec/2022:15:32:05 +0800] "GET /nacos/v1/cs/configs?show=all&dataId=other.yml&group=dev&tenant=29bed501-d41e-4703-aacf-01cea31bd5e8&namespaceId=29bed501-d41e-4703-aacf-01cea31bd5e8 HTTP/1.1" 200 - 5 Mozilla/5.0 (Windows NT 10.0; Win64; x64) AppleWebKit/537.36 (KHTML, like Gecko) Chrome/108.0.0.0 Safari/537.36
0:0:0:0:0:0:0:1 - - [13/Dec/2022:15:32:05 +0800] "POST /nacos/v1/cs/configs HTTP/1.1" 200 14 13 Mozilla/5.0 (Windows NT 10.0; Win64; x64) AppleWebKit/537.36 (KHTML, like Gecko) Chrome/108.0.0.0 Safari/537.36
192.168.137.1 - - [13/Dec/2022:15:32:05 +0800] "GET /nacos/v1/cs/communication/dataChange?dataId=other.yml&group=dev&tenant=29bed501-d41e-4703-aacf-01cea31bd5e8 HTTP/1.1" 200 14 8 Apache-HttpAsyncClient/4.1.3 (Java/1.8.0_40)
0:0:0:0:0:0:0:1 - - [13/Dec/2022:15:32:07 +0800] "GET /nacos/v1/cs/configs?search=accurate&dataId=&group=&appName=&config_tags=&pageNo=1&pageSize=10&tenant=29bed501-d41e-4703-aacf-01cea31bd5e8&namespaceId=29bed501-d41e-4703-aacf-01cea31bd5e8 HTTP/1.1" 200 1354 5 Mozilla/5.0 (Windows NT 10.0; Win64; x64) AppleWebKit/537.36 (KHTML, like Gecko) Chrome/108.0.0.0 Safari/537.36
192.168.137.1 - - [13/Dec/2022:15:32:08 +0800] "GET /nacos/v1/cs/health HTTP/1.1" 200 2 3 Apache-HttpAsyncClient/4.1.3 (Java/1.8.0_40)
192.168.137.1 - - [13/Dec/2022:15:32:13 +0800] "GET /nacos/v1/cs/health HTTP/1.1" 200 2 2 Apache-HttpAsyncClient/4.1.3 (Java/1.8.0_40)
192.168.137.1 - - [13/Dec/2022:15:32:18 +0800] "GET /nacos/v1/cs/health HTTP/1.1" 200 2 3 Apache-HttpAsyncClient/4.1.3 (Java/1.8.0_40)
192.168.137.1 - - [13/Dec/2022:15:32:23 +0800] "GET /nacos/v1/cs/health HTTP/1.1" 200 2 3 Apache-HttpAsyncClient/4.1.3 (Java/1.8.0_40)
192.168.137.1 - - [13/Dec/2022:15:32:28 +0800] "GET /nacos/v1/cs/health HTTP/1.1" 200 2 4 Apache-HttpAsyncClient/4.1.3 (Java/1.8.0_40)
192.168.137.1 - - [13/Dec/2022:15:32:33 +0800] "GET /nacos/v1/cs/health HTTP/1.1" 200 2 4 Apache-HttpAsyncClient/4.1.3 (Java/1.8.0_40)
192.168.137.1 - - [13/Dec/2022:15:32:38 +0800] "GET /nacos/v1/cs/health HTTP/1.1" 200 2 3 Apache-HttpAsyncClient/4.1.3 (Java/1.8.0_40)
192.168.137.1 - - [13/Dec/2022:15:32:43 +0800] "GET /nacos/v1/cs/health HTTP/1.1" 200 2 3 Apache-HttpAsyncClient/4.1.3 (Java/1.8.0_40)
192.168.137.1 - - [13/Dec/2022:15:32:48 +0800] "GET /nacos/v1/cs/health HTTP/1.1" 200 2 4 Apache-HttpAsyncClient/4.1.3 (Java/1.8.0_40)
192.168.137.1 - - [13/Dec/2022:15:32:53 +0800] "GET /nacos/v1/cs/health HTTP/1.1" 200 2 3 Apache-HttpAsyncClient/4.1.3 (Java/1.8.0_40)
192.168.137.1 - - [13/Dec/2022:15:32:58 +0800] "GET /nacos/v1/cs/health HTTP/1.1" 200 2 2 Apache-HttpAsyncClient/4.1.3 (Java/1.8.0_40)
192.168.137.1 - - [13/Dec/2022:15:33:03 +0800] "GET /nacos/v1/cs/health HTTP/1.1" 200 2 5 Apache-HttpAsyncClient/4.1.3 (Java/1.8.0_40)
192.168.137.1 - - [13/Dec/2022:15:33:08 +0800] "GET /nacos/v1/cs/health HTTP/1.1" 200 2 3 Apache-HttpAsyncClient/4.1.3 (Java/1.8.0_40)
192.168.137.1 - - [13/Dec/2022:15:33:13 +0800] "GET /nacos/v1/cs/health HTTP/1.1" 200 2 4 Apache-HttpAsyncClient/4.1.3 (Java/1.8.0_40)
192.168.137.1 - - [13/Dec/2022:15:33:18 +0800] "GET /nacos/v1/cs/health HTTP/1.1" 200 2 3 Apache-HttpAsyncClient/4.1.3 (Java/1.8.0_40)
192.168.137.1 - - [13/Dec/2022:15:33:23 +0800] "GET /nacos/v1/cs/health HTTP/1.1" 200 2 2 Apache-HttpAsyncClient/4.1.3 (Java/1.8.0_40)
192.168.137.1 - - [13/Dec/2022:15:33:28 +0800] "GET /nacos/v1/cs/health HTTP/1.1" 200 2 2 Apache-HttpAsyncClient/4.1.3 (Java/1.8.0_40)
192.168.137.1 - - [13/Dec/2022:15:33:33 +0800] "GET /nacos/v1/cs/health HTTP/1.1" 200 2 5 Apache-HttpAsyncClient/4.1.3 (Java/1.8.0_40)
192.168.137.1 - - [13/Dec/2022:15:33:38 +0800] "GET /nacos/v1/cs/health HTTP/1.1" 200 2 3 Apache-HttpAsyncClient/4.1.3 (Java/1.8.0_40)
192.168.137.1 - - [13/Dec/2022:15:33:43 +0800] "GET /nacos/v1/cs/health HTTP/1.1" 200 2 3 Apache-HttpAsyncClient/4.1.3 (Java/1.8.0_40)
192.168.137.1 - - [13/Dec/2022:15:33:48 +0800] "GET /nacos/v1/cs/health HTTP/1.1" 200 2 3 Apache-HttpAsyncClient/4.1.3 (Java/1.8.0_40)
192.168.137.1 - - [13/Dec/2022:15:33:53 +0800] "GET /nacos/v1/cs/health HTTP/1.1" 200 2 3 Apache-HttpAsyncClient/4.1.3 (Java/1.8.0_40)
192.168.137.1 - - [13/Dec/2022:15:33:58 +0800] "GET /nacos/v1/cs/health HTTP/1.1" 200 2 3 Apache-HttpAsyncClient/4.1.3 (Java/1.8.0_40)
192.168.137.1 - - [13/Dec/2022:15:34:03 +0800] "GET /nacos/v1/cs/health HTTP/1.1" 200 2 4 Apache-HttpAsyncClient/4.1.3 (Java/1.8.0_40)
192.168.137.1 - - [13/Dec/2022:15:34:08 +0800] "GET /nacos/v1/cs/health HTTP/1.1" 200 2 3 Apache-HttpAsyncClient/4.1.3 (Java/1.8.0_40)
192.168.137.1 - - [13/Dec/2022:15:34:13 +0800] "GET /nacos/v1/cs/health HTTP/1.1" 200 2 2 Apache-HttpAsyncClient/4.1.3 (Java/1.8.0_40)
192.168.137.1 - - [13/Dec/2022:15:34:18 +0800] "GET /nacos/v1/cs/health HTTP/1.1" 200 2 3 Apache-HttpAsyncClient/4.1.3 (Java/1.8.0_40)
192.168.137.1 - - [13/Dec/2022:15:34:23 +0800] "GET /nacos/v1/cs/health HTTP/1.1" 200 2 3 Apache-HttpAsyncClient/4.1.3 (Java/1.8.0_40)
192.168.137.1 - - [13/Dec/2022:15:34:28 +0800] "GET /nacos/v1/cs/health HTTP/1.1" 200 2 3 Apache-HttpAsyncClient/4.1.3 (Java/1.8.0_40)
192.168.137.1 - - [13/Dec/2022:15:34:33 +0800] "GET /nacos/v1/cs/health HTTP/1.1" 200 2 5 Apache-HttpAsyncClient/4.1.3 (Java/1.8.0_40)
192.168.137.1 - - [13/Dec/2022:15:34:38 +0800] "GET /nacos/v1/cs/health HTTP/1.1" 200 2 4 Apache-HttpAsyncClient/4.1.3 (Java/1.8.0_40)
192.168.137.1 - - [13/Dec/2022:15:34:43 +0800] "GET /nacos/v1/cs/health HTTP/1.1" 200 2 3 Apache-HttpAsyncClient/4.1.3 (Java/1.8.0_40)
0:0:0:0:0:0:0:1 - - [13/Dec/2022:15:34:48 +0800] "GET /nacos/v1/cs/configs?show=all&dataId=datasource.yml&group=dev&tenant=29bed501-d41e-4703-aacf-01cea31bd5e8&namespaceId=29bed501-d41e-4703-aacf-01cea31bd5e8 HTTP/1.1" 200 536 12 Mozilla/5.0 (Windows NT 10.0; Win64; x64) AppleWebKit/537.36 (KHTML, like Gecko) Chrome/108.0.0.0 Safari/537.36
192.168.137.1 - - [13/Dec/2022:15:34:48 +0800] "GET /nacos/v1/cs/health HTTP/1.1" 200 2 3 Apache-HttpAsyncClient/4.1.3 (Java/1.8.0_40)
0:0:0:0:0:0:0:1 - - [13/Dec/2022:15:34:52 +0800] "GET /nacos/v1/cs/configs?search=accurate&dataId=&group=&appName=&config_tags=&pageNo=1&pageSize=10&tenant=29bed501-d41e-4703-aacf-01cea31bd5e8&namespaceId=29bed501-d41e-4703-aacf-01cea31bd5e8 HTTP/1.1" 200 1354 14 Mozilla/5.0 (Windows NT 10.0; Win64; x64) AppleWebKit/537.36 (KHTML, like Gecko) Chrome/108.0.0.0 Safari/537.36
0:0:0:0:0:0:0:1 - - [13/Dec/2022:15:34:53 +0800] "GET /nacos/v1/cs/configs?show=all&dataId=mybatis.yml&group=dev&tenant=29bed501-d41e-4703-aacf-01cea31bd5e8&namespaceId=29bed501-d41e-4703-aacf-01cea31bd5e8 HTTP/1.1" 200 481 7 Mozilla/5.0 (Windows NT 10.0; Win64; x64) AppleWebKit/537.36 (KHTML, like Gecko) Chrome/108.0.0.0 Safari/537.36
192.168.137.1 - - [13/Dec/2022:15:34:53 +0800] "GET /nacos/v1/cs/health HTTP/1.1" 200 2 2 Apache-HttpAsyncClient/4.1.3 (Java/1.8.0_40)
0:0:0:0:0:0:0:1 - - [13/Dec/2022:15:34:55 +0800] "GET /nacos/v1/cs/configs?search=accurate&dataId=&group=&appName=&config_tags=&pageNo=1&pageSize=10&tenant=29bed501-d41e-4703-aacf-01cea31bd5e8&namespaceId=29bed501-d41e-4703-aacf-01cea31bd5e8 HTTP/1.1" 200 1354 9 Mozilla/5.0 (Windows NT 10.0; Win64; x64) AppleWebKit/537.36 (KHTML, like Gecko) Chrome/108.0.0.0 Safari/537.36
0:0:0:0:0:0:0:1 - - [13/Dec/2022:15:34:56 +0800] "GET /nacos/v1/cs/configs?show=all&dataId=other.yml&group=dev&tenant=29bed501-d41e-4703-aacf-01cea31bd5e8&namespaceId=29bed501-d41e-4703-aacf-01cea31bd5e8 HTTP/1.1" 200 545 7 Mozilla/5.0 (Windows NT 10.0; Win64; x64) AppleWebKit/537.36 (KHTML, like Gecko) Chrome/108.0.0.0 Safari/537.36
0:0:0:0:0:0:0:1 - - [13/Dec/2022:15:34:58 +0800] "GET /nacos/v1/cs/configs?search=accurate&dataId=&group=&appName=&config_tags=&pageNo=1&pageSize=10&tenant=29bed501-d41e-4703-aacf-01cea31bd5e8&namespaceId=29bed501-d41e-4703-aacf-01cea31bd5e8 HTTP/1.1" 200 1354 11 Mozilla/5.0 (Windows NT 10.0; Win64; x64) AppleWebKit/537.36 (KHTML, like Gecko) Chrome/108.0.0.0 Safari/537.36
192.168.137.1 - - [13/Dec/2022:15:34:59 +0800] "GET /nacos/v1/cs/health HTTP/1.1" 200 2 4 Apache-HttpAsyncClient/4.1.3 (Java/1.8.0_40)
192.168.137.1 - - [13/Dec/2022:15:35:04 +0800] "GET /nacos/v1/cs/health HTTP/1.1" 200 2 4 Apache-HttpAsyncClient/4.1.3 (Java/1.8.0_40)
192.168.137.1 - - [13/Dec/2022:15:35:09 +0800] "GET /nacos/v1/cs/health HTTP/1.1" 200 2 2 Apache-HttpAsyncClient/4.1.3 (Java/1.8.0_40)
192.168.137.1 - - [13/Dec/2022:15:35:14 +0800] "GET /nacos/v1/cs/health HTTP/1.1" 200 2 3 Apache-HttpAsyncClient/4.1.3 (Java/1.8.0_40)
127.0.0.1 - - [13/Dec/2022:15:35:18 +0800] "GET /nacos/v1/cs/configs?dataId=datasource.yml&group=dev&tenant=29bed501-d41e-4703-aacf-01cea31bd5e8 HTTP/1.1" 200 177 9 Java/1.8.0_40
127.0.0.1 - - [13/Dec/2022:15:35:18 +0800] "GET /nacos/v1/cs/configs?dataId=mybatis.yml&group=dev&tenant=29bed501-d41e-4703-aacf-01cea31bd5e8 HTTP/1.1" 200 127 5 Java/1.8.0_40
127.0.0.1 - - [13/Dec/2022:15:35:18 +0800] "GET /nacos/v1/cs/configs?dataId=other.yml&group=dev&tenant=29bed501-d41e-4703-aacf-01cea31bd5e8 HTTP/1.1" 200 181 4 Java/1.8.0_40
127.0.0.1 - - [13/Dec/2022:15:35:18 +0800] "GET /nacos/v1/cs/configs?dataId=gulimall-coupon.properties&group=DEFAULT_GROUP&tenant=29bed501-d41e-4703-aacf-01cea31bd5e8 HTTP/1.1" 404 23 3 Java/1.8.0_40
192.168.137.1 - - [13/Dec/2022:15:35:19 +0800] "GET /nacos/v1/cs/health HTTP/1.1" 200 2 3 Apache-HttpAsyncClient/4.1.3 (Java/1.8.0_40)
192.168.137.1 - - [13/Dec/2022:15:35:24 +0800] "GET /nacos/v1/cs/health HTTP/1.1" 200 2 3 Apache-HttpAsyncClient/4.1.3 (Java/1.8.0_40)
127.0.0.1 - - [13/Dec/2022:15:35:24 +0800] "POST /nacos/v1/ns/instance?groupName=DEFAULT_GROUP&metadata=%7B%22preserved.register.source%22%3A%22SPRING_CLOUD%22%7D&namespaceId=public&port=7000&enable=true&healthy=true&clusterName=DEFAULT&ip=192.168.137.1&weight=1.0&ephemeral=true&serviceName=DEFAULT_GROUP%40%40gulimall-coupon&encoding=UTF-8 HTTP/1.1" 200 2 72 Nacos-Java-Client:v1.1.1
127.0.0.1 - - [13/Dec/2022:15:35:24 +0800] "PUT /nacos/v1/ns/instance/beat?beat=%7B%22cluster%22%3A%22DEFAULT%22%2C%22ip%22%3A%22192.168.137.1%22%2C%22metadata%22%3A%7B%22preserved.register.source%22%3A%22SPRING_CLOUD%22%7D%2C%22period%22%3A5000%2C%22port%22%3A7000%2C%22scheduled%22%3Afalse%2C%22serviceName%22%3A%22DEFAULT_GROUP%40%40gulimall-coupon%22%2C%22stopped%22%3Afalse%2C%22weight%22%3A1.0%7D&serviceName=DEFAULT_GROUP%40%40gulimall-coupon&encoding=UTF-8&namespaceId=public HTTP/1.1" 200 38 78 Nacos-Java-Client:v1.1.1
127.0.0.1 - - [13/Dec/2022:15:35:25 +0800] "POST /nacos/v1/cs/configs/listener HTTP/1.1" 200 - 5 Java/1.8.0_40
192.168.137.1 - - [13/Dec/2022:15:35:29 +0800] "GET /nacos/v1/cs/health HTTP/1.1" 200 2 5 Apache-HttpAsyncClient/4.1.3 (Java/1.8.0_40)
127.0.0.1 - - [13/Dec/2022:15:35:29 +0800] "PUT /nacos/v1/ns/instance/beat?beat=%7B%22cluster%22%3A%22DEFAULT%22%2C%22ip%22%3A%22192.168.137.1%22%2C%22metadata%22%3A%7B%22preserved.register.source%22%3A%22SPRING_CLOUD%22%7D%2C%22period%22%3A5000%2C%22port%22%3A7000%2C%22scheduled%22%3Afalse%2C%22serviceName%22%3A%22DEFAULT_GROUP%40%40gulimall-coupon%22%2C%22stopped%22%3Afalse%2C%22weight%22%3A1.0%7D&serviceName=DEFAULT_GROUP%40%40gulimall-coupon&encoding=UTF-8&namespaceId=public HTTP/1.1" 200 38 5 Nacos-Java-Client:v1.1.1
0:0:0:0:0:0:0:1 - - [13/Dec/2022:15:35:32 +0800] "GET /nacos/ HTTP/1.1" 304 - 6 Mozilla/5.0 (Windows NT 10.0; Win64; x64) AppleWebKit/537.36 (KHTML, like Gecko) Chrome/108.0.0.0 Safari/537.36
0:0:0:0:0:0:0:1 - - [13/Dec/2022:15:35:32 +0800] "GET /nacos/v1/console/namespaces?namespaceId=29bed501-d41e-4703-aacf-01cea31bd5e8 HTTP/1.1" 200 719 16 Mozilla/5.0 (Windows NT 10.0; Win64; x64) AppleWebKit/537.36 (KHTML, like Gecko) Chrome/108.0.0.0 Safari/537.36
0:0:0:0:0:0:0:1 - - [13/Dec/2022:15:35:32 +0800] "GET /nacos/v1/console/server/state HTTP/1.1" 200 82 5 Mozilla/5.0 (Windows NT 10.0; Win64; x64) AppleWebKit/537.36 (KHTML, like Gecko) Chrome/108.0.0.0 Safari/537.36
0:0:0:0:0:0:0:1 - - [13/Dec/2022:15:35:32 +0800] "GET /nacos/v1/cs/configs?search=accurate&dataId=&group=&appName=&config_tags=&pageNo=1&pageSize=10&tenant=29bed501-d41e-4703-aacf-01cea31bd5e8&namespaceId=29bed501-d41e-4703-aacf-01cea31bd5e8 HTTP/1.1" 200 1354 10 Mozilla/5.0 (Windows NT 10.0; Win64; x64) AppleWebKit/537.36 (KHTML, like Gecko) Chrome/108.0.0.0 Safari/537.36
192.168.137.1 - - [13/Dec/2022:15:35:34 +0800] "GET /nacos/v1/cs/health HTTP/1.1" 200 2 3 Apache-HttpAsyncClient/4.1.3 (Java/1.8.0_40)
127.0.0.1 - - [13/Dec/2022:15:35:34 +0800] "PUT /nacos/v1/ns/instance/beat?beat=%7B%22cluster%22%3A%22DEFAULT%22%2C%22ip%22%3A%22192.168.137.1%22%2C%22metadata%22%3A%7B%22preserved.register.source%22%3A%22SPRING_CLOUD%22%7D%2C%22period%22%3A5000%2C%22port%22%3A7000%2C%22scheduled%22%3Afalse%2C%22serviceName%22%3A%22DEFAULT_GROUP%40%40gulimall-coupon%22%2C%22stopped%22%3Afalse%2C%22weight%22%3A1.0%7D&serviceName=DEFAULT_GROUP%40%40gulimall-coupon&encoding=UTF-8&namespaceId=public HTTP/1.1" 200 38 4 Nacos-Java-Client:v1.1.1
192.168.137.1 - - [13/Dec/2022:15:35:39 +0800] "GET /nacos/v1/cs/health HTTP/1.1" 200 2 2 Apache-HttpAsyncClient/4.1.3 (Java/1.8.0_40)
127.0.0.1 - - [13/Dec/2022:15:35:39 +0800] "PUT /nacos/v1/ns/instance/beat?beat=%7B%22cluster%22%3A%22DEFAULT%22%2C%22ip%22%3A%22192.168.137.1%22%2C%22metadata%22%3A%7B%22preserved.register.source%22%3A%22SPRING_CLOUD%22%7D%2C%22period%22%3A5000%2C%22port%22%3A7000%2C%22scheduled%22%3Afalse%2C%22serviceName%22%3A%22DEFAULT_GROUP%40%40gulimall-coupon%22%2C%22stopped%22%3Afalse%2C%22weight%22%3A1.0%7D&serviceName=DEFAULT_GROUP%40%40gulimall-coupon&encoding=UTF-8&namespaceId=public HTTP/1.1" 200 38 4 Nacos-Java-Client:v1.1.1
192.168.137.1 - - [13/Dec/2022:15:35:44 +0800] "GET /nacos/v1/cs/health HTTP/1.1" 200 2 3 Apache-HttpAsyncClient/4.1.3 (Java/1.8.0_40)
127.0.0.1 - - [13/Dec/2022:15:35:44 +0800] "PUT /nacos/v1/ns/instance/beat?beat=%7B%22cluster%22%3A%22DEFAULT%22%2C%22ip%22%3A%22192.168.137.1%22%2C%22metadata%22%3A%7B%22preserved.register.source%22%3A%22SPRING_CLOUD%22%7D%2C%22period%22%3A5000%2C%22port%22%3A7000%2C%22scheduled%22%3Afalse%2C%22serviceName%22%3A%22DEFAULT_GROUP%40%40gulimall-coupon%22%2C%22stopped%22%3Afalse%2C%22weight%22%3A1.0%7D&serviceName=DEFAULT_GROUP%40%40gulimall-coupon&encoding=UTF-8&namespaceId=public HTTP/1.1" 200 38 4 Nacos-Java-Client:v1.1.1
192.168.137.1 - - [13/Dec/2022:15:35:49 +0800] "GET /nacos/v1/cs/health HTTP/1.1" 200 2 3 Apache-HttpAsyncClient/4.1.3 (Java/1.8.0_40)
127.0.0.1 - - [13/Dec/2022:15:35:49 +0800] "PUT /nacos/v1/ns/instance/beat?beat=%7B%22cluster%22%3A%22DEFAULT%22%2C%22ip%22%3A%22192.168.137.1%22%2C%22metadata%22%3A%7B%22preserved.register.source%22%3A%22SPRING_CLOUD%22%7D%2C%22period%22%3A5000%2C%22port%22%3A7000%2C%22scheduled%22%3Afalse%2C%22serviceName%22%3A%22DEFAULT_GROUP%40%40gulimall-coupon%22%2C%22stopped%22%3Afalse%2C%22weight%22%3A1.0%7D&serviceName=DEFAULT_GROUP%40%40gulimall-coupon&encoding=UTF-8&namespaceId=public HTTP/1.1" 200 38 3 Nacos-Java-Client:v1.1.1
192.168.137.1 - - [13/Dec/2022:15:35:54 +0800] "GET /nacos/v1/cs/health HTTP/1.1" 200 2 3 Apache-HttpAsyncClient/4.1.3 (Java/1.8.0_40)
127.0.0.1 - - [13/Dec/2022:15:35:55 +0800] "PUT /nacos/v1/ns/instance/beat?beat=%7B%22cluster%22%3A%22DEFAULT%22%2C%22ip%22%3A%22192.168.137.1%22%2C%22metadata%22%3A%7B%22preserved.register.source%22%3A%22SPRING_CLOUD%22%7D%2C%22period%22%3A5000%2C%22port%22%3A7000%2C%22scheduled%22%3Afalse%2C%22serviceName%22%3A%22DEFAULT_GROUP%40%40gulimall-coupon%22%2C%22stopped%22%3Afalse%2C%22weight%22%3A1.0%7D&serviceName=DEFAULT_GROUP%40%40gulimall-coupon&encoding=UTF-8&namespaceId=public HTTP/1.1" 200 38 3 Nacos-Java-Client:v1.1.1
127.0.0.1 - - [13/Dec/2022:15:35:55 +0800] "POST /nacos/v1/cs/configs/listener HTTP/1.1" 200 - 29511 Java/1.8.0_40
192.168.137.1 - - [13/Dec/2022:15:35:59 +0800] "GET /nacos/v1/cs/health HTTP/1.1" 200 2 5 Apache-HttpAsyncClient/4.1.3 (Java/1.8.0_40)
127.0.0.1 - - [13/Dec/2022:15:36:00 +0800] "PUT /nacos/v1/ns/instance/beat?beat=%7B%22cluster%22%3A%22DEFAULT%22%2C%22ip%22%3A%22192.168.137.1%22%2C%22metadata%22%3A%7B%22preserved.register.source%22%3A%22SPRING_CLOUD%22%7D%2C%22period%22%3A5000%2C%22port%22%3A7000%2C%22scheduled%22%3Afalse%2C%22serviceName%22%3A%22DEFAULT_GROUP%40%40gulimall-coupon%22%2C%22stopped%22%3Afalse%2C%22weight%22%3A1.0%7D&serviceName=DEFAULT_GROUP%40%40gulimall-coupon&encoding=UTF-8&namespaceId=public HTTP/1.1" 200 38 8 Nacos-Java-Client:v1.1.1
192.168.137.1 - - [13/Dec/2022:15:36:04 +0800] "GET /nacos/v1/cs/health HTTP/1.1" 200 2 2 Apache-HttpAsyncClient/4.1.3 (Java/1.8.0_40)
127.0.0.1 - - [13/Dec/2022:15:36:05 +0800] "PUT /nacos/v1/ns/instance/beat?beat=%7B%22cluster%22%3A%22DEFAULT%22%2C%22ip%22%3A%22192.168.137.1%22%2C%22metadata%22%3A%7B%22preserved.register.source%22%3A%22SPRING_CLOUD%22%7D%2C%22period%22%3A5000%2C%22port%22%3A7000%2C%22scheduled%22%3Afalse%2C%22serviceName%22%3A%22DEFAULT_GROUP%40%40gulimall-coupon%22%2C%22stopped%22%3Afalse%2C%22weight%22%3A1.0%7D&serviceName=DEFAULT_GROUP%40%40gulimall-coupon&encoding=UTF-8&namespaceId=public HTTP/1.1" 200 38 6 Nacos-Java-Client:v1.1.1
192.168.137.1 - - [13/Dec/2022:15:36:09 +0800] "GET /nacos/v1/cs/health HTTP/1.1" 200 2 3 Apache-HttpAsyncClient/4.1.3 (Java/1.8.0_40)
127.0.0.1 - - [13/Dec/2022:15:36:10 +0800] "PUT /nacos/v1/ns/instance/beat?beat=%7B%22cluster%22%3A%22DEFAULT%22%2C%22ip%22%3A%22192.168.137.1%22%2C%22metadata%22%3A%7B%22preserved.register.source%22%3A%22SPRING_CLOUD%22%7D%2C%22period%22%3A5000%2C%22port%22%3A7000%2C%22scheduled%22%3Afalse%2C%22serviceName%22%3A%22DEFAULT_GROUP%40%40gulimall-coupon%22%2C%22stopped%22%3Afalse%2C%22weight%22%3A1.0%7D&serviceName=DEFAULT_GROUP%40%40gulimall-coupon&encoding=UTF-8&namespaceId=public HTTP/1.1" 200 38 4 Nacos-Java-Client:v1.1.1
192.168.137.1 - - [13/Dec/2022:15:36:14 +0800] "GET /nacos/v1/cs/health HTTP/1.1" 200 2 4 Apache-HttpAsyncClient/4.1.3 (Java/1.8.0_40)
127.0.0.1 - - [13/Dec/2022:15:36:15 +0800] "PUT /nacos/v1/ns/instance/beat?beat=%7B%22cluster%22%3A%22DEFAULT%22%2C%22ip%22%3A%22192.168.137.1%22%2C%22metadata%22%3A%7B%22preserved.register.source%22%3A%22SPRING_CLOUD%22%7D%2C%22period%22%3A5000%2C%22port%22%3A7000%2C%22scheduled%22%3Afalse%2C%22serviceName%22%3A%22DEFAULT_GROUP%40%40gulimall-coupon%22%2C%22stopped%22%3Afalse%2C%22weight%22%3A1.0%7D&serviceName=DEFAULT_GROUP%40%40gulimall-coupon&encoding=UTF-8&namespaceId=public HTTP/1.1" 200 38 4 Nacos-Java-Client:v1.1.1
192.168.137.1 - - [13/Dec/2022:15:36:19 +0800] "GET /nacos/v1/cs/health HTTP/1.1" 200 2 3 Apache-HttpAsyncClient/4.1.3 (Java/1.8.0_40)
127.0.0.1 - - [13/Dec/2022:15:36:20 +0800] "PUT /nacos/v1/ns/instance/beat?beat=%7B%22cluster%22%3A%22DEFAULT%22%2C%22ip%22%3A%22192.168.137.1%22%2C%22metadata%22%3A%7B%22preserved.register.source%22%3A%22SPRING_CLOUD%22%7D%2C%22period%22%3A5000%2C%22port%22%3A7000%2C%22scheduled%22%3Afalse%2C%22serviceName%22%3A%22DEFAULT_GROUP%40%40gulimall-coupon%22%2C%22stopped%22%3Afalse%2C%22weight%22%3A1.0%7D&serviceName=DEFAULT_GROUP%40%40gulimall-coupon&encoding=UTF-8&namespaceId=public HTTP/1.1" 200 38 11 Nacos-Java-Client:v1.1.1
192.168.137.1 - - [13/Dec/2022:15:36:24 +0800] "GET /nacos/v1/cs/health HTTP/1.1" 200 2 3 Apache-HttpAsyncClient/4.1.3 (Java/1.8.0_40)
127.0.0.1 - - [13/Dec/2022:15:36:24 +0800] "POST /nacos/v1/cs/configs/listener HTTP/1.1" 200 - 29516 Java/1.8.0_40
