0:0:0:0:0:0:0:1 - - [14/Dec/2022:16:55:24 +0800] "GET /nacos/v1/console/namespaces?namespaceId= HTTP/1.1" 200 839 9 Mozilla/5.0 (Windows NT 10.0; Win64; x64) AppleWebKit/537.36 (KHTML, like Gecko) Chrome/108.0.0.0 Safari/537.36 Edg/108.0.1462.42
0:0:0:0:0:0:0:1 - - [14/Dec/2022:16:55:24 +0800] "GET /nacos/v1/console/server/state HTTP/1.1" 200 82 5 Mozilla/5.0 (Windows NT 10.0; Win64; x64) AppleWebKit/537.36 (KHTML, like Gecko) Chrome/108.0.0.0 Safari/537.36 Edg/108.0.1462.42
0:0:0:0:0:0:0:1 - - [14/Dec/2022:16:55:24 +0800] "GET /nacos/v1/ns/catalog/services?hasIpCount=true&withInstances=false&pageNo=1&pageSize=10&keyword=&namespaceId= HTTP/1.1" 200 148 5 Mozilla/5.0 (Windows NT 10.0; Win64; x64) AppleWebKit/537.36 (KHTML, like Gecko) Chrome/108.0.0.0 Safari/537.36 Edg/108.0.1462.42
192.168.100.1 - - [14/Dec/2022:16:55:25 +0800] "GET /nacos/v1/cs/health HTTP/1.1" 200 2 2 Apache-HttpAsyncClient/4.1.3 (Java/1.8.0_40)
127.0.0.1 - - [14/Dec/2022:16:55:26 +0800] "PUT /nacos/v1/ns/instance/beat?beat=%7B%22cluster%22%3A%22DEFAULT%22%2C%22ip%22%3A%22192.168.100.1%22%2C%22metadata%22%3A%7B%22preserved.register.source%22%3A%22SPRING_CLOUD%22%7D%2C%22period%22%3A5000%2C%22port%22%3A88%2C%22scheduled%22%3Afalse%2C%22serviceName%22%3A%22DEFAULT_GROUP%40%40gulimail-gateway%22%2C%22stopped%22%3Afalse%2C%22weight%22%3A1.0%7D&serviceName=DEFAULT_GROUP%40%40gulimail-gateway&encoding=UTF-8&namespaceId=public HTTP/1.1" 200 38 7 Nacos-Java-Client:v1.1.1
0:0:0:0:0:0:0:1 - - [14/Dec/2022:16:55:26 +0800] "GET /nacos/v1/ns/catalog/services?hasIpCount=true&withInstances=false&pageNo=1&pageSize=10&keyword=&namespaceId= HTTP/1.1" 200 148 5 Mozilla/5.0 (Windows NT 10.0; Win64; x64) AppleWebKit/537.36 (KHTML, like Gecko) Chrome/108.0.0.0 Safari/537.36 Edg/108.0.1462.42
0:0:0:0:0:0:0:1 - - [14/Dec/2022:16:55:27 +0800] "GET /nacos/ HTTP/1.1" 304 - 5 Mozilla/5.0 (Windows NT 10.0; Win64; x64) AppleWebKit/537.36 (KHTML, like Gecko) Chrome/108.0.0.0 Safari/537.36 Edg/108.0.1462.42
0:0:0:0:0:0:0:1 - - [14/Dec/2022:16:55:27 +0800] "GET /nacos/v1/console/namespaces?namespaceId= HTTP/1.1" 200 839 9 Mozilla/5.0 (Windows NT 10.0; Win64; x64) AppleWebKit/537.36 (KHTML, like Gecko) Chrome/108.0.0.0 Safari/537.36 Edg/108.0.1462.42
0:0:0:0:0:0:0:1 - - [14/Dec/2022:16:55:27 +0800] "GET /nacos/v1/console/server/state HTTP/1.1" 200 82 3 Mozilla/5.0 (Windows NT 10.0; Win64; x64) AppleWebKit/537.36 (KHTML, like Gecko) Chrome/108.0.0.0 Safari/537.36 Edg/108.0.1462.42
0:0:0:0:0:0:0:1 - - [14/Dec/2022:16:55:27 +0800] "GET /nacos/v1/ns/catalog/services?hasIpCount=true&withInstances=false&pageNo=1&pageSize=10&keyword=&namespaceId= HTTP/1.1" 200 148 3 Mozilla/5.0 (Windows NT 10.0; Win64; x64) AppleWebKit/537.36 (KHTML, like Gecko) Chrome/108.0.0.0 Safari/537.36 Edg/108.0.1462.42
192.168.100.1 - - [14/Dec/2022:16:55:30 +0800] "GET /nacos/v1/cs/health HTTP/1.1" 200 2 4 Apache-HttpAsyncClient/4.1.3 (Java/1.8.0_40)
127.0.0.1 - - [14/Dec/2022:16:55:31 +0800] "PUT /nacos/v1/ns/instance/beat?beat=%7B%22cluster%22%3A%22DEFAULT%22%2C%22ip%22%3A%22192.168.100.1%22%2C%22metadata%22%3A%7B%22preserved.register.source%22%3A%22SPRING_CLOUD%22%7D%2C%22period%22%3A5000%2C%22port%22%3A88%2C%22scheduled%22%3Afalse%2C%22serviceName%22%3A%22DEFAULT_GROUP%40%40gulimail-gateway%22%2C%22stopped%22%3Afalse%2C%22weight%22%3A1.0%7D&serviceName=DEFAULT_GROUP%40%40gulimail-gateway&encoding=UTF-8&namespaceId=public HTTP/1.1" 200 38 4 Nacos-Java-Client:v1.1.1
192.168.100.1 - - [14/Dec/2022:16:55:35 +0800] "GET /nacos/v1/cs/health HTTP/1.1" 200 2 4 Apache-HttpAsyncClient/4.1.3 (Java/1.8.0_40)
127.0.0.1 - - [14/Dec/2022:16:55:36 +0800] "PUT /nacos/v1/ns/instance/beat?beat=%7B%22cluster%22%3A%22DEFAULT%22%2C%22ip%22%3A%22192.168.100.1%22%2C%22metadata%22%3A%7B%22preserved.register.source%22%3A%22SPRING_CLOUD%22%7D%2C%22period%22%3A5000%2C%22port%22%3A88%2C%22scheduled%22%3Afalse%2C%22serviceName%22%3A%22DEFAULT_GROUP%40%40gulimail-gateway%22%2C%22stopped%22%3Afalse%2C%22weight%22%3A1.0%7D&serviceName=DEFAULT_GROUP%40%40gulimail-gateway&encoding=UTF-8&namespaceId=public HTTP/1.1" 200 38 5 Nacos-Java-Client:v1.1.1
192.168.100.1 - - [14/Dec/2022:16:55:40 +0800] "GET /nacos/v1/cs/health HTTP/1.1" 200 2 3 Apache-HttpAsyncClient/4.1.3 (Java/1.8.0_40)
127.0.0.1 - - [14/Dec/2022:16:55:41 +0800] "PUT /nacos/v1/ns/instance/beat?beat=%7B%22cluster%22%3A%22DEFAULT%22%2C%22ip%22%3A%22192.168.100.1%22%2C%22metadata%22%3A%7B%22preserved.register.source%22%3A%22SPRING_CLOUD%22%7D%2C%22period%22%3A5000%2C%22port%22%3A88%2C%22scheduled%22%3Afalse%2C%22serviceName%22%3A%22DEFAULT_GROUP%40%40gulimail-gateway%22%2C%22stopped%22%3Afalse%2C%22weight%22%3A1.0%7D&serviceName=DEFAULT_GROUP%40%40gulimail-gateway&encoding=UTF-8&namespaceId=public HTTP/1.1" 200 38 5 Nacos-Java-Client:v1.1.1
192.168.100.1 - - [14/Dec/2022:16:55:45 +0800] "GET /nacos/v1/cs/health HTTP/1.1" 200 2 3 Apache-HttpAsyncClient/4.1.3 (Java/1.8.0_40)
127.0.0.1 - - [14/Dec/2022:16:55:46 +0800] "PUT /nacos/v1/ns/instance/beat?beat=%7B%22cluster%22%3A%22DEFAULT%22%2C%22ip%22%3A%22192.168.100.1%22%2C%22metadata%22%3A%7B%22preserved.register.source%22%3A%22SPRING_CLOUD%22%7D%2C%22period%22%3A5000%2C%22port%22%3A88%2C%22scheduled%22%3Afalse%2C%22serviceName%22%3A%22DEFAULT_GROUP%40%40gulimail-gateway%22%2C%22stopped%22%3Afalse%2C%22weight%22%3A1.0%7D&serviceName=DEFAULT_GROUP%40%40gulimail-gateway&encoding=UTF-8&namespaceId=public HTTP/1.1" 200 38 5 Nacos-Java-Client:v1.1.1
127.0.0.1 - - [14/Dec/2022:16:55:50 +0800] "POST /nacos/v1/cs/configs/listener HTTP/1.1" 200 - 29503 Java/1.8.0_40
192.168.100.1 - - [14/Dec/2022:16:55:50 +0800] "GET /nacos/v1/cs/health HTTP/1.1" 200 2 3 Apache-HttpAsyncClient/4.1.3 (Java/1.8.0_40)
127.0.0.1 - - [14/Dec/2022:16:55:51 +0800] "PUT /nacos/v1/ns/instance/beat?beat=%7B%22cluster%22%3A%22DEFAULT%22%2C%22ip%22%3A%22192.168.100.1%22%2C%22metadata%22%3A%7B%22preserved.register.source%22%3A%22SPRING_CLOUD%22%7D%2C%22period%22%3A5000%2C%22port%22%3A88%2C%22scheduled%22%3Afalse%2C%22serviceName%22%3A%22DEFAULT_GROUP%40%40gulimail-gateway%22%2C%22stopped%22%3Afalse%2C%22weight%22%3A1.0%7D&serviceName=DEFAULT_GROUP%40%40gulimail-gateway&encoding=UTF-8&namespaceId=public HTTP/1.1" 200 38 5 Nacos-Java-Client:v1.1.1
192.168.100.1 - - [14/Dec/2022:16:55:55 +0800] "GET /nacos/v1/cs/health HTTP/1.1" 200 2 4 Apache-HttpAsyncClient/4.1.3 (Java/1.8.0_40)
127.0.0.1 - - [14/Dec/2022:16:55:56 +0800] "PUT /nacos/v1/ns/instance/beat?beat=%7B%22cluster%22%3A%22DEFAULT%22%2C%22ip%22%3A%22192.168.100.1%22%2C%22metadata%22%3A%7B%22preserved.register.source%22%3A%22SPRING_CLOUD%22%7D%2C%22period%22%3A5000%2C%22port%22%3A88%2C%22scheduled%22%3Afalse%2C%22serviceName%22%3A%22DEFAULT_GROUP%40%40gulimail-gateway%22%2C%22stopped%22%3Afalse%2C%22weight%22%3A1.0%7D&serviceName=DEFAULT_GROUP%40%40gulimail-gateway&encoding=UTF-8&namespaceId=public HTTP/1.1" 200 38 8 Nacos-Java-Client:v1.1.1
192.168.100.1 - - [14/Dec/2022:16:56:00 +0800] "GET /nacos/v1/cs/health HTTP/1.1" 200 2 5 Apache-HttpAsyncClient/4.1.3 (Java/1.8.0_40)
127.0.0.1 - - [14/Dec/2022:16:56:01 +0800] "PUT /nacos/v1/ns/instance/beat?beat=%7B%22cluster%22%3A%22DEFAULT%22%2C%22ip%22%3A%22192.168.100.1%22%2C%22metadata%22%3A%7B%22preserved.register.source%22%3A%22SPRING_CLOUD%22%7D%2C%22period%22%3A5000%2C%22port%22%3A88%2C%22scheduled%22%3Afalse%2C%22serviceName%22%3A%22DEFAULT_GROUP%40%40gulimail-gateway%22%2C%22stopped%22%3Afalse%2C%22weight%22%3A1.0%7D&serviceName=DEFAULT_GROUP%40%40gulimail-gateway&encoding=UTF-8&namespaceId=public HTTP/1.1" 200 38 3 Nacos-Java-Client:v1.1.1
192.168.100.1 - - [14/Dec/2022:16:56:05 +0800] "GET /nacos/v1/cs/health HTTP/1.1" 200 2 3 Apache-HttpAsyncClient/4.1.3 (Java/1.8.0_40)
127.0.0.1 - - [14/Dec/2022:16:56:06 +0800] "PUT /nacos/v1/ns/instance/beat?beat=%7B%22cluster%22%3A%22DEFAULT%22%2C%22ip%22%3A%22192.168.100.1%22%2C%22metadata%22%3A%7B%22preserved.register.source%22%3A%22SPRING_CLOUD%22%7D%2C%22period%22%3A5000%2C%22port%22%3A88%2C%22scheduled%22%3Afalse%2C%22serviceName%22%3A%22DEFAULT_GROUP%40%40gulimail-gateway%22%2C%22stopped%22%3Afalse%2C%22weight%22%3A1.0%7D&serviceName=DEFAULT_GROUP%40%40gulimail-gateway&encoding=UTF-8&namespaceId=public HTTP/1.1" 200 38 5 Nacos-Java-Client:v1.1.1
192.168.100.1 - - [14/Dec/2022:16:56:10 +0800] "GET /nacos/v1/cs/health HTTP/1.1" 200 2 3 Apache-HttpAsyncClient/4.1.3 (Java/1.8.0_40)
127.0.0.1 - - [14/Dec/2022:16:56:11 +0800] "PUT /nacos/v1/ns/instance/beat?beat=%7B%22cluster%22%3A%22DEFAULT%22%2C%22ip%22%3A%22192.168.100.1%22%2C%22metadata%22%3A%7B%22preserved.register.source%22%3A%22SPRING_CLOUD%22%7D%2C%22period%22%3A5000%2C%22port%22%3A88%2C%22scheduled%22%3Afalse%2C%22serviceName%22%3A%22DEFAULT_GROUP%40%40gulimail-gateway%22%2C%22stopped%22%3Afalse%2C%22weight%22%3A1.0%7D&serviceName=DEFAULT_GROUP%40%40gulimail-gateway&encoding=UTF-8&namespaceId=public HTTP/1.1" 200 38 5 Nacos-Java-Client:v1.1.1
192.168.100.1 - - [14/Dec/2022:16:56:15 +0800] "GET /nacos/v1/cs/health HTTP/1.1" 200 2 3 Apache-HttpAsyncClient/4.1.3 (Java/1.8.0_40)
127.0.0.1 - - [14/Dec/2022:16:56:16 +0800] "PUT /nacos/v1/ns/instance/beat?beat=%7B%22cluster%22%3A%22DEFAULT%22%2C%22ip%22%3A%22192.168.100.1%22%2C%22metadata%22%3A%7B%22preserved.register.source%22%3A%22SPRING_CLOUD%22%7D%2C%22period%22%3A5000%2C%22port%22%3A88%2C%22scheduled%22%3Afalse%2C%22serviceName%22%3A%22DEFAULT_GROUP%40%40gulimail-gateway%22%2C%22stopped%22%3Afalse%2C%22weight%22%3A1.0%7D&serviceName=DEFAULT_GROUP%40%40gulimail-gateway&encoding=UTF-8&namespaceId=public HTTP/1.1" 200 38 4 Nacos-Java-Client:v1.1.1
127.0.0.1 - - [14/Dec/2022:16:56:19 +0800] "POST /nacos/v1/cs/configs/listener HTTP/1.1" 200 - 29506 Java/1.8.0_40
192.168.100.1 - - [14/Dec/2022:16:56:20 +0800] "GET /nacos/v1/cs/health HTTP/1.1" 200 2 3 Apache-HttpAsyncClient/4.1.3 (Java/1.8.0_40)
127.0.0.1 - - [14/Dec/2022:16:56:21 +0800] "PUT /nacos/v1/ns/instance/beat?beat=%7B%22cluster%22%3A%22DEFAULT%22%2C%22ip%22%3A%22192.168.100.1%22%2C%22metadata%22%3A%7B%22preserved.register.source%22%3A%22SPRING_CLOUD%22%7D%2C%22period%22%3A5000%2C%22port%22%3A88%2C%22scheduled%22%3Afalse%2C%22serviceName%22%3A%22DEFAULT_GROUP%40%40gulimail-gateway%22%2C%22stopped%22%3Afalse%2C%22weight%22%3A1.0%7D&serviceName=DEFAULT_GROUP%40%40gulimail-gateway&encoding=UTF-8&namespaceId=public HTTP/1.1" 200 38 5 Nacos-Java-Client:v1.1.1
192.168.100.1 - - [14/Dec/2022:16:56:25 +0800] "GET /nacos/v1/cs/health HTTP/1.1" 200 2 3 Apache-HttpAsyncClient/4.1.3 (Java/1.8.0_40)
127.0.0.1 - - [14/Dec/2022:16:56:26 +0800] "PUT /nacos/v1/ns/instance/beat?beat=%7B%22cluster%22%3A%22DEFAULT%22%2C%22ip%22%3A%22192.168.100.1%22%2C%22metadata%22%3A%7B%22preserved.register.source%22%3A%22SPRING_CLOUD%22%7D%2C%22period%22%3A5000%2C%22port%22%3A88%2C%22scheduled%22%3Afalse%2C%22serviceName%22%3A%22DEFAULT_GROUP%40%40gulimail-gateway%22%2C%22stopped%22%3Afalse%2C%22weight%22%3A1.0%7D&serviceName=DEFAULT_GROUP%40%40gulimail-gateway&encoding=UTF-8&namespaceId=public HTTP/1.1" 200 38 4 Nacos-Java-Client:v1.1.1
192.168.100.1 - - [14/Dec/2022:16:56:30 +0800] "GET /nacos/v1/cs/health HTTP/1.1" 200 2 3 Apache-HttpAsyncClient/4.1.3 (Java/1.8.0_40)
127.0.0.1 - - [14/Dec/2022:16:56:31 +0800] "PUT /nacos/v1/ns/instance/beat?beat=%7B%22cluster%22%3A%22DEFAULT%22%2C%22ip%22%3A%22192.168.100.1%22%2C%22metadata%22%3A%7B%22preserved.register.source%22%3A%22SPRING_CLOUD%22%7D%2C%22period%22%3A5000%2C%22port%22%3A88%2C%22scheduled%22%3Afalse%2C%22serviceName%22%3A%22DEFAULT_GROUP%40%40gulimail-gateway%22%2C%22stopped%22%3Afalse%2C%22weight%22%3A1.0%7D&serviceName=DEFAULT_GROUP%40%40gulimail-gateway&encoding=UTF-8&namespaceId=public HTTP/1.1" 200 38 3 Nacos-Java-Client:v1.1.1
192.168.100.1 - - [14/Dec/2022:16:56:35 +0800] "GET /nacos/v1/cs/health HTTP/1.1" 200 2 4 Apache-HttpAsyncClient/4.1.3 (Java/1.8.0_40)
127.0.0.1 - - [14/Dec/2022:16:56:36 +0800] "PUT /nacos/v1/ns/instance/beat?beat=%7B%22cluster%22%3A%22DEFAULT%22%2C%22ip%22%3A%22192.168.100.1%22%2C%22metadata%22%3A%7B%22preserved.register.source%22%3A%22SPRING_CLOUD%22%7D%2C%22period%22%3A5000%2C%22port%22%3A88%2C%22scheduled%22%3Afalse%2C%22serviceName%22%3A%22DEFAULT_GROUP%40%40gulimail-gateway%22%2C%22stopped%22%3Afalse%2C%22weight%22%3A1.0%7D&serviceName=DEFAULT_GROUP%40%40gulimail-gateway&encoding=UTF-8&namespaceId=public HTTP/1.1" 200 38 4 Nacos-Java-Client:v1.1.1
192.168.100.1 - - [14/Dec/2022:16:56:40 +0800] "GET /nacos/v1/cs/health HTTP/1.1" 200 2 3 Apache-HttpAsyncClient/4.1.3 (Java/1.8.0_40)
127.0.0.1 - - [14/Dec/2022:16:56:41 +0800] "PUT /nacos/v1/ns/instance/beat?beat=%7B%22cluster%22%3A%22DEFAULT%22%2C%22ip%22%3A%22192.168.100.1%22%2C%22metadata%22%3A%7B%22preserved.register.source%22%3A%22SPRING_CLOUD%22%7D%2C%22period%22%3A5000%2C%22port%22%3A88%2C%22scheduled%22%3Afalse%2C%22serviceName%22%3A%22DEFAULT_GROUP%40%40gulimail-gateway%22%2C%22stopped%22%3Afalse%2C%22weight%22%3A1.0%7D&serviceName=DEFAULT_GROUP%40%40gulimail-gateway&encoding=UTF-8&namespaceId=public HTTP/1.1" 200 38 6 Nacos-Java-Client:v1.1.1
192.168.100.1 - - [14/Dec/2022:16:56:45 +0800] "GET /nacos/v1/cs/health HTTP/1.1" 200 2 3 Apache-HttpAsyncClient/4.1.3 (Java/1.8.0_40)
127.0.0.1 - - [14/Dec/2022:16:56:46 +0800] "PUT /nacos/v1/ns/instance/beat?beat=%7B%22cluster%22%3A%22DEFAULT%22%2C%22ip%22%3A%22192.168.100.1%22%2C%22metadata%22%3A%7B%22preserved.register.source%22%3A%22SPRING_CLOUD%22%7D%2C%22period%22%3A5000%2C%22port%22%3A88%2C%22scheduled%22%3Afalse%2C%22serviceName%22%3A%22DEFAULT_GROUP%40%40gulimail-gateway%22%2C%22stopped%22%3Afalse%2C%22weight%22%3A1.0%7D&serviceName=DEFAULT_GROUP%40%40gulimail-gateway&encoding=UTF-8&namespaceId=public HTTP/1.1" 200 38 3 Nacos-Java-Client:v1.1.1
127.0.0.1 - - [14/Dec/2022:16:56:49 +0800] "POST /nacos/v1/cs/configs/listener HTTP/1.1" 200 - 29503 Java/1.8.0_40
192.168.100.1 - - [14/Dec/2022:16:56:50 +0800] "GET /nacos/v1/cs/health HTTP/1.1" 200 2 2 Apache-HttpAsyncClient/4.1.3 (Java/1.8.0_40)
127.0.0.1 - - [14/Dec/2022:16:56:51 +0800] "PUT /nacos/v1/ns/instance/beat?beat=%7B%22cluster%22%3A%22DEFAULT%22%2C%22ip%22%3A%22192.168.100.1%22%2C%22metadata%22%3A%7B%22preserved.register.source%22%3A%22SPRING_CLOUD%22%7D%2C%22period%22%3A5000%2C%22port%22%3A88%2C%22scheduled%22%3Afalse%2C%22serviceName%22%3A%22DEFAULT_GROUP%40%40gulimail-gateway%22%2C%22stopped%22%3Afalse%2C%22weight%22%3A1.0%7D&serviceName=DEFAULT_GROUP%40%40gulimail-gateway&encoding=UTF-8&namespaceId=public HTTP/1.1" 200 38 4 Nacos-Java-Client:v1.1.1
192.168.100.1 - - [14/Dec/2022:16:56:55 +0800] "GET /nacos/v1/cs/health HTTP/1.1" 200 2 3 Apache-HttpAsyncClient/4.1.3 (Java/1.8.0_40)
127.0.0.1 - - [14/Dec/2022:16:56:56 +0800] "PUT /nacos/v1/ns/instance/beat?beat=%7B%22cluster%22%3A%22DEFAULT%22%2C%22ip%22%3A%22192.168.100.1%22%2C%22metadata%22%3A%7B%22preserved.register.source%22%3A%22SPRING_CLOUD%22%7D%2C%22period%22%3A5000%2C%22port%22%3A88%2C%22scheduled%22%3Afalse%2C%22serviceName%22%3A%22DEFAULT_GROUP%40%40gulimail-gateway%22%2C%22stopped%22%3Afalse%2C%22weight%22%3A1.0%7D&serviceName=DEFAULT_GROUP%40%40gulimail-gateway&encoding=UTF-8&namespaceId=public HTTP/1.1" 200 38 4 Nacos-Java-Client:v1.1.1
192.168.100.1 - - [14/Dec/2022:16:57:00 +0800] "GET /nacos/v1/cs/health HTTP/1.1" 200 2 5 Apache-HttpAsyncClient/4.1.3 (Java/1.8.0_40)
127.0.0.1 - - [14/Dec/2022:16:57:01 +0800] "PUT /nacos/v1/ns/instance/beat?beat=%7B%22cluster%22%3A%22DEFAULT%22%2C%22ip%22%3A%22192.168.100.1%22%2C%22metadata%22%3A%7B%22preserved.register.source%22%3A%22SPRING_CLOUD%22%7D%2C%22period%22%3A5000%2C%22port%22%3A88%2C%22scheduled%22%3Afalse%2C%22serviceName%22%3A%22DEFAULT_GROUP%40%40gulimail-gateway%22%2C%22stopped%22%3Afalse%2C%22weight%22%3A1.0%7D&serviceName=DEFAULT_GROUP%40%40gulimail-gateway&encoding=UTF-8&namespaceId=public HTTP/1.1" 200 38 3 Nacos-Java-Client:v1.1.1
192.168.100.1 - - [14/Dec/2022:16:57:05 +0800] "GET /nacos/v1/cs/health HTTP/1.1" 200 2 4 Apache-HttpAsyncClient/4.1.3 (Java/1.8.0_40)
127.0.0.1 - - [14/Dec/2022:16:57:06 +0800] "PUT /nacos/v1/ns/instance/beat?beat=%7B%22cluster%22%3A%22DEFAULT%22%2C%22ip%22%3A%22192.168.100.1%22%2C%22metadata%22%3A%7B%22preserved.register.source%22%3A%22SPRING_CLOUD%22%7D%2C%22period%22%3A5000%2C%22port%22%3A88%2C%22scheduled%22%3Afalse%2C%22serviceName%22%3A%22DEFAULT_GROUP%40%40gulimail-gateway%22%2C%22stopped%22%3Afalse%2C%22weight%22%3A1.0%7D&serviceName=DEFAULT_GROUP%40%40gulimail-gateway&encoding=UTF-8&namespaceId=public HTTP/1.1" 200 38 5 Nacos-Java-Client:v1.1.1
192.168.100.1 - - [14/Dec/2022:16:57:10 +0800] "GET /nacos/v1/cs/health HTTP/1.1" 200 2 2 Apache-HttpAsyncClient/4.1.3 (Java/1.8.0_40)
127.0.0.1 - - [14/Dec/2022:16:57:11 +0800] "PUT /nacos/v1/ns/instance/beat?beat=%7B%22cluster%22%3A%22DEFAULT%22%2C%22ip%22%3A%22192.168.100.1%22%2C%22metadata%22%3A%7B%22preserved.register.source%22%3A%22SPRING_CLOUD%22%7D%2C%22period%22%3A5000%2C%22port%22%3A88%2C%22scheduled%22%3Afalse%2C%22serviceName%22%3A%22DEFAULT_GROUP%40%40gulimail-gateway%22%2C%22stopped%22%3Afalse%2C%22weight%22%3A1.0%7D&serviceName=DEFAULT_GROUP%40%40gulimail-gateway&encoding=UTF-8&namespaceId=public HTTP/1.1" 200 38 3 Nacos-Java-Client:v1.1.1
192.168.100.1 - - [14/Dec/2022:16:57:15 +0800] "GET /nacos/v1/cs/health HTTP/1.1" 200 2 3 Apache-HttpAsyncClient/4.1.3 (Java/1.8.0_40)
127.0.0.1 - - [14/Dec/2022:16:57:16 +0800] "PUT /nacos/v1/ns/instance/beat?beat=%7B%22cluster%22%3A%22DEFAULT%22%2C%22ip%22%3A%22192.168.100.1%22%2C%22metadata%22%3A%7B%22preserved.register.source%22%3A%22SPRING_CLOUD%22%7D%2C%22period%22%3A5000%2C%22port%22%3A88%2C%22scheduled%22%3Afalse%2C%22serviceName%22%3A%22DEFAULT_GROUP%40%40gulimail-gateway%22%2C%22stopped%22%3Afalse%2C%22weight%22%3A1.0%7D&serviceName=DEFAULT_GROUP%40%40gulimail-gateway&encoding=UTF-8&namespaceId=public HTTP/1.1" 200 38 2 Nacos-Java-Client:v1.1.1
127.0.0.1 - - [14/Dec/2022:16:57:18 +0800] "POST /nacos/v1/cs/configs/listener HTTP/1.1" 200 - 29505 Java/1.8.0_40
192.168.100.1 - - [14/Dec/2022:16:57:20 +0800] "GET /nacos/v1/cs/health HTTP/1.1" 200 2 3 Apache-HttpAsyncClient/4.1.3 (Java/1.8.0_40)
127.0.0.1 - - [14/Dec/2022:16:57:21 +0800] "PUT /nacos/v1/ns/instance/beat?beat=%7B%22cluster%22%3A%22DEFAULT%22%2C%22ip%22%3A%22192.168.100.1%22%2C%22metadata%22%3A%7B%22preserved.register.source%22%3A%22SPRING_CLOUD%22%7D%2C%22period%22%3A5000%2C%22port%22%3A88%2C%22scheduled%22%3Afalse%2C%22serviceName%22%3A%22DEFAULT_GROUP%40%40gulimail-gateway%22%2C%22stopped%22%3Afalse%2C%22weight%22%3A1.0%7D&serviceName=DEFAULT_GROUP%40%40gulimail-gateway&encoding=UTF-8&namespaceId=public HTTP/1.1" 200 38 3 Nacos-Java-Client:v1.1.1
192.168.100.1 - - [14/Dec/2022:16:57:25 +0800] "GET /nacos/v1/cs/health HTTP/1.1" 200 2 3 Apache-HttpAsyncClient/4.1.3 (Java/1.8.0_40)
127.0.0.1 - - [14/Dec/2022:16:57:26 +0800] "PUT /nacos/v1/ns/instance/beat?beat=%7B%22cluster%22%3A%22DEFAULT%22%2C%22ip%22%3A%22192.168.100.1%22%2C%22metadata%22%3A%7B%22preserved.register.source%22%3A%22SPRING_CLOUD%22%7D%2C%22period%22%3A5000%2C%22port%22%3A88%2C%22scheduled%22%3Afalse%2C%22serviceName%22%3A%22DEFAULT_GROUP%40%40gulimail-gateway%22%2C%22stopped%22%3Afalse%2C%22weight%22%3A1.0%7D&serviceName=DEFAULT_GROUP%40%40gulimail-gateway&encoding=UTF-8&namespaceId=public HTTP/1.1" 200 38 6 Nacos-Java-Client:v1.1.1
192.168.100.1 - - [14/Dec/2022:16:57:30 +0800] "GET /nacos/v1/cs/health HTTP/1.1" 200 2 3 Apache-HttpAsyncClient/4.1.3 (Java/1.8.0_40)
127.0.0.1 - - [14/Dec/2022:16:57:31 +0800] "PUT /nacos/v1/ns/instance/beat?beat=%7B%22cluster%22%3A%22DEFAULT%22%2C%22ip%22%3A%22192.168.100.1%22%2C%22metadata%22%3A%7B%22preserved.register.source%22%3A%22SPRING_CLOUD%22%7D%2C%22period%22%3A5000%2C%22port%22%3A88%2C%22scheduled%22%3Afalse%2C%22serviceName%22%3A%22DEFAULT_GROUP%40%40gulimail-gateway%22%2C%22stopped%22%3Afalse%2C%22weight%22%3A1.0%7D&serviceName=DEFAULT_GROUP%40%40gulimail-gateway&encoding=UTF-8&namespaceId=public HTTP/1.1" 200 38 5 Nacos-Java-Client:v1.1.1
192.168.100.1 - - [14/Dec/2022:16:57:35 +0800] "GET /nacos/v1/cs/health HTTP/1.1" 200 2 3 Apache-HttpAsyncClient/4.1.3 (Java/1.8.0_40)
127.0.0.1 - - [14/Dec/2022:16:57:36 +0800] "PUT /nacos/v1/ns/instance/beat?beat=%7B%22cluster%22%3A%22DEFAULT%22%2C%22ip%22%3A%22192.168.100.1%22%2C%22metadata%22%3A%7B%22preserved.register.source%22%3A%22SPRING_CLOUD%22%7D%2C%22period%22%3A5000%2C%22port%22%3A88%2C%22scheduled%22%3Afalse%2C%22serviceName%22%3A%22DEFAULT_GROUP%40%40gulimail-gateway%22%2C%22stopped%22%3Afalse%2C%22weight%22%3A1.0%7D&serviceName=DEFAULT_GROUP%40%40gulimail-gateway&encoding=UTF-8&namespaceId=public HTTP/1.1" 200 38 4 Nacos-Java-Client:v1.1.1
192.168.100.1 - - [14/Dec/2022:16:57:40 +0800] "GET /nacos/v1/cs/health HTTP/1.1" 200 2 4 Apache-HttpAsyncClient/4.1.3 (Java/1.8.0_40)
127.0.0.1 - - [14/Dec/2022:16:57:41 +0800] "PUT /nacos/v1/ns/instance/beat?beat=%7B%22cluster%22%3A%22DEFAULT%22%2C%22ip%22%3A%22192.168.100.1%22%2C%22metadata%22%3A%7B%22preserved.register.source%22%3A%22SPRING_CLOUD%22%7D%2C%22period%22%3A5000%2C%22port%22%3A88%2C%22scheduled%22%3Afalse%2C%22serviceName%22%3A%22DEFAULT_GROUP%40%40gulimail-gateway%22%2C%22stopped%22%3Afalse%2C%22weight%22%3A1.0%7D&serviceName=DEFAULT_GROUP%40%40gulimail-gateway&encoding=UTF-8&namespaceId=public HTTP/1.1" 200 38 3 Nacos-Java-Client:v1.1.1
192.168.100.1 - - [14/Dec/2022:16:57:45 +0800] "GET /nacos/v1/cs/health HTTP/1.1" 200 2 6 Apache-HttpAsyncClient/4.1.3 (Java/1.8.0_40)
127.0.0.1 - - [14/Dec/2022:16:57:46 +0800] "PUT /nacos/v1/ns/instance/beat?beat=%7B%22cluster%22%3A%22DEFAULT%22%2C%22ip%22%3A%22192.168.100.1%22%2C%22metadata%22%3A%7B%22preserved.register.source%22%3A%22SPRING_CLOUD%22%7D%2C%22period%22%3A5000%2C%22port%22%3A88%2C%22scheduled%22%3Afalse%2C%22serviceName%22%3A%22DEFAULT_GROUP%40%40gulimail-gateway%22%2C%22stopped%22%3Afalse%2C%22weight%22%3A1.0%7D&serviceName=DEFAULT_GROUP%40%40gulimail-gateway&encoding=UTF-8&namespaceId=public HTTP/1.1" 200 38 3 Nacos-Java-Client:v1.1.1
127.0.0.1 - - [14/Dec/2022:16:57:48 +0800] "POST /nacos/v1/cs/configs/listener HTTP/1.1" 200 - 29503 Java/1.8.0_40
192.168.100.1 - - [14/Dec/2022:16:57:50 +0800] "GET /nacos/v1/cs/health HTTP/1.1" 200 2 4 Apache-HttpAsyncClient/4.1.3 (Java/1.8.0_40)
127.0.0.1 - - [14/Dec/2022:16:57:51 +0800] "PUT /nacos/v1/ns/instance/beat?beat=%7B%22cluster%22%3A%22DEFAULT%22%2C%22ip%22%3A%22192.168.100.1%22%2C%22metadata%22%3A%7B%22preserved.register.source%22%3A%22SPRING_CLOUD%22%7D%2C%22period%22%3A5000%2C%22port%22%3A88%2C%22scheduled%22%3Afalse%2C%22serviceName%22%3A%22DEFAULT_GROUP%40%40gulimail-gateway%22%2C%22stopped%22%3Afalse%2C%22weight%22%3A1.0%7D&serviceName=DEFAULT_GROUP%40%40gulimail-gateway&encoding=UTF-8&namespaceId=public HTTP/1.1" 200 38 8 Nacos-Java-Client:v1.1.1
192.168.100.1 - - [14/Dec/2022:16:57:55 +0800] "GET /nacos/v1/cs/health HTTP/1.1" 200 2 6 Apache-HttpAsyncClient/4.1.3 (Java/1.8.0_40)
127.0.0.1 - - [14/Dec/2022:16:57:56 +0800] "PUT /nacos/v1/ns/instance/beat?beat=%7B%22cluster%22%3A%22DEFAULT%22%2C%22ip%22%3A%22192.168.100.1%22%2C%22metadata%22%3A%7B%22preserved.register.source%22%3A%22SPRING_CLOUD%22%7D%2C%22period%22%3A5000%2C%22port%22%3A88%2C%22scheduled%22%3Afalse%2C%22serviceName%22%3A%22DEFAULT_GROUP%40%40gulimail-gateway%22%2C%22stopped%22%3Afalse%2C%22weight%22%3A1.0%7D&serviceName=DEFAULT_GROUP%40%40gulimail-gateway&encoding=UTF-8&namespaceId=public HTTP/1.1" 200 38 7 Nacos-Java-Client:v1.1.1
192.168.100.1 - - [14/Dec/2022:16:58:00 +0800] "GET /nacos/v1/cs/health HTTP/1.1" 200 2 4 Apache-HttpAsyncClient/4.1.3 (Java/1.8.0_40)
127.0.0.1 - - [14/Dec/2022:16:58:01 +0800] "PUT /nacos/v1/ns/instance/beat?beat=%7B%22cluster%22%3A%22DEFAULT%22%2C%22ip%22%3A%22192.168.100.1%22%2C%22metadata%22%3A%7B%22preserved.register.source%22%3A%22SPRING_CLOUD%22%7D%2C%22period%22%3A5000%2C%22port%22%3A88%2C%22scheduled%22%3Afalse%2C%22serviceName%22%3A%22DEFAULT_GROUP%40%40gulimail-gateway%22%2C%22stopped%22%3Afalse%2C%22weight%22%3A1.0%7D&serviceName=DEFAULT_GROUP%40%40gulimail-gateway&encoding=UTF-8&namespaceId=public HTTP/1.1" 200 38 5 Nacos-Java-Client:v1.1.1
192.168.100.1 - - [14/Dec/2022:16:58:05 +0800] "GET /nacos/v1/cs/health HTTP/1.1" 200 2 4 Apache-HttpAsyncClient/4.1.3 (Java/1.8.0_40)
127.0.0.1 - - [14/Dec/2022:16:58:06 +0800] "PUT /nacos/v1/ns/instance/beat?beat=%7B%22cluster%22%3A%22DEFAULT%22%2C%22ip%22%3A%22192.168.100.1%22%2C%22metadata%22%3A%7B%22preserved.register.source%22%3A%22SPRING_CLOUD%22%7D%2C%22period%22%3A5000%2C%22port%22%3A88%2C%22scheduled%22%3Afalse%2C%22serviceName%22%3A%22DEFAULT_GROUP%40%40gulimail-gateway%22%2C%22stopped%22%3Afalse%2C%22weight%22%3A1.0%7D&serviceName=DEFAULT_GROUP%40%40gulimail-gateway&encoding=UTF-8&namespaceId=public HTTP/1.1" 200 38 4 Nacos-Java-Client:v1.1.1
192.168.100.1 - - [14/Dec/2022:16:58:10 +0800] "GET /nacos/v1/cs/health HTTP/1.1" 200 2 5 Apache-HttpAsyncClient/4.1.3 (Java/1.8.0_40)
127.0.0.1 - - [14/Dec/2022:16:58:11 +0800] "PUT /nacos/v1/ns/instance/beat?beat=%7B%22cluster%22%3A%22DEFAULT%22%2C%22ip%22%3A%22192.168.100.1%22%2C%22metadata%22%3A%7B%22preserved.register.source%22%3A%22SPRING_CLOUD%22%7D%2C%22period%22%3A5000%2C%22port%22%3A88%2C%22scheduled%22%3Afalse%2C%22serviceName%22%3A%22DEFAULT_GROUP%40%40gulimail-gateway%22%2C%22stopped%22%3Afalse%2C%22weight%22%3A1.0%7D&serviceName=DEFAULT_GROUP%40%40gulimail-gateway&encoding=UTF-8&namespaceId=public HTTP/1.1" 200 38 5 Nacos-Java-Client:v1.1.1
192.168.100.1 - - [14/Dec/2022:16:58:15 +0800] "GET /nacos/v1/cs/health HTTP/1.1" 200 2 2 Apache-HttpAsyncClient/4.1.3 (Java/1.8.0_40)
127.0.0.1 - - [14/Dec/2022:16:58:16 +0800] "PUT /nacos/v1/ns/instance/beat?beat=%7B%22cluster%22%3A%22DEFAULT%22%2C%22ip%22%3A%22192.168.100.1%22%2C%22metadata%22%3A%7B%22preserved.register.source%22%3A%22SPRING_CLOUD%22%7D%2C%22period%22%3A5000%2C%22port%22%3A88%2C%22scheduled%22%3Afalse%2C%22serviceName%22%3A%22DEFAULT_GROUP%40%40gulimail-gateway%22%2C%22stopped%22%3Afalse%2C%22weight%22%3A1.0%7D&serviceName=DEFAULT_GROUP%40%40gulimail-gateway&encoding=UTF-8&namespaceId=public HTTP/1.1" 200 38 4 Nacos-Java-Client:v1.1.1
127.0.0.1 - - [14/Dec/2022:16:58:17 +0800] "POST /nacos/v1/cs/configs/listener HTTP/1.1" 200 - 29503 Java/1.8.0_40
192.168.100.1 - - [14/Dec/2022:16:58:20 +0800] "GET /nacos/v1/cs/health HTTP/1.1" 200 2 3 Apache-HttpAsyncClient/4.1.3 (Java/1.8.0_40)
127.0.0.1 - - [14/Dec/2022:16:58:21 +0800] "PUT /nacos/v1/ns/instance/beat?beat=%7B%22cluster%22%3A%22DEFAULT%22%2C%22ip%22%3A%22192.168.100.1%22%2C%22metadata%22%3A%7B%22preserved.register.source%22%3A%22SPRING_CLOUD%22%7D%2C%22period%22%3A5000%2C%22port%22%3A88%2C%22scheduled%22%3Afalse%2C%22serviceName%22%3A%22DEFAULT_GROUP%40%40gulimail-gateway%22%2C%22stopped%22%3Afalse%2C%22weight%22%3A1.0%7D&serviceName=DEFAULT_GROUP%40%40gulimail-gateway&encoding=UTF-8&namespaceId=public HTTP/1.1" 200 38 3 Nacos-Java-Client:v1.1.1
192.168.100.1 - - [14/Dec/2022:16:58:25 +0800] "GET /nacos/v1/cs/health HTTP/1.1" 200 2 3 Apache-HttpAsyncClient/4.1.3 (Java/1.8.0_40)
127.0.0.1 - - [14/Dec/2022:16:58:26 +0800] "PUT /nacos/v1/ns/instance/beat?beat=%7B%22cluster%22%3A%22DEFAULT%22%2C%22ip%22%3A%22192.168.100.1%22%2C%22metadata%22%3A%7B%22preserved.register.source%22%3A%22SPRING_CLOUD%22%7D%2C%22period%22%3A5000%2C%22port%22%3A88%2C%22scheduled%22%3Afalse%2C%22serviceName%22%3A%22DEFAULT_GROUP%40%40gulimail-gateway%22%2C%22stopped%22%3Afalse%2C%22weight%22%3A1.0%7D&serviceName=DEFAULT_GROUP%40%40gulimail-gateway&encoding=UTF-8&namespaceId=public HTTP/1.1" 200 38 7 Nacos-Java-Client:v1.1.1
127.0.0.1 - - [14/Dec/2022:16:58:26 +0800] "PUT /nacos/v1/ns/instance/beat?beat=%7B%22cluster%22%3A%22DEFAULT%22%2C%22ip%22%3A%22192.168.100.1%22%2C%22metadata%22%3A%7B%22preserved.register.source%22%3A%22SPRING_CLOUD%22%7D%2C%22period%22%3A5000%2C%22port%22%3A8080%2C%22scheduled%22%3Afalse%2C%22serviceName%22%3A%22DEFAULT_GROUP%40%40renren-fast%22%2C%22stopped%22%3Afalse%2C%22weight%22%3A1.0%7D&serviceName=DEFAULT_GROUP%40%40renren-fast&encoding=UTF-8&namespaceId=public HTTP/1.1" 200 38 8 Nacos-Java-Client:v1.1.1
127.0.0.1 - - [14/Dec/2022:16:58:26 +0800] "POST /nacos/v1/ns/instance?groupName=DEFAULT_GROUP&metadata=%7B%22preserved.register.source%22%3A%22SPRING_CLOUD%22%7D&namespaceId=public&port=8080&enable=true&healthy=true&clusterName=DEFAULT&ip=192.168.100.1&weight=1.0&ephemeral=true&serviceName=DEFAULT_GROUP%40%40renren-fast&encoding=UTF-8 HTTP/1.1" 200 2 9 Nacos-Java-Client:v1.1.1
192.168.100.1 - - [14/Dec/2022:16:58:30 +0800] "GET /nacos/v1/cs/health HTTP/1.1" 200 2 4 Apache-HttpAsyncClient/4.1.3 (Java/1.8.0_40)
127.0.0.1 - - [14/Dec/2022:16:58:31 +0800] "PUT /nacos/v1/ns/instance/beat?beat=%7B%22cluster%22%3A%22DEFAULT%22%2C%22ip%22%3A%22192.168.100.1%22%2C%22metadata%22%3A%7B%22preserved.register.source%22%3A%22SPRING_CLOUD%22%7D%2C%22period%22%3A5000%2C%22port%22%3A88%2C%22scheduled%22%3Afalse%2C%22serviceName%22%3A%22DEFAULT_GROUP%40%40gulimail-gateway%22%2C%22stopped%22%3Afalse%2C%22weight%22%3A1.0%7D&serviceName=DEFAULT_GROUP%40%40gulimail-gateway&encoding=UTF-8&namespaceId=public HTTP/1.1" 200 38 3 Nacos-Java-Client:v1.1.1
127.0.0.1 - - [14/Dec/2022:16:58:31 +0800] "PUT /nacos/v1/ns/instance/beat?beat=%7B%22cluster%22%3A%22DEFAULT%22%2C%22ip%22%3A%22192.168.100.1%22%2C%22metadata%22%3A%7B%22preserved.register.source%22%3A%22SPRING_CLOUD%22%7D%2C%22period%22%3A5000%2C%22port%22%3A8080%2C%22scheduled%22%3Afalse%2C%22serviceName%22%3A%22DEFAULT_GROUP%40%40renren-fast%22%2C%22stopped%22%3Afalse%2C%22weight%22%3A1.0%7D&serviceName=DEFAULT_GROUP%40%40renren-fast&encoding=UTF-8&namespaceId=public HTTP/1.1" 200 38 3 Nacos-Java-Client:v1.1.1
0:0:0:0:0:0:0:1 - - [14/Dec/2022:16:58:32 +0800] "GET /nacos/v1/ns/catalog/services?hasIpCount=true&withInstances=false&pageNo=1&pageSize=10&keyword=&namespaceId= HTTP/1.1" 200 253 5 Mozilla/5.0 (Windows NT 10.0; Win64; x64) AppleWebKit/537.36 (KHTML, like Gecko) Chrome/108.0.0.0 Safari/537.36 Edg/108.0.1462.42
0:0:0:0:0:0:0:1 - - [14/Dec/2022:16:58:34 +0800] "GET /nacos/v1/ns/catalog/services?hasIpCount=true&withInstances=false&pageNo=1&pageSize=10&keyword=&namespaceId= HTTP/1.1" 200 253 5 Mozilla/5.0 (Windows NT 10.0; Win64; x64) AppleWebKit/537.36 (KHTML, like Gecko) Chrome/108.0.0.0 Safari/537.36 Edg/108.0.1462.42
0:0:0:0:0:0:0:1 - - [14/Dec/2022:16:58:35 +0800] "GET /nacos/v1/ns/catalog/services?hasIpCount=true&withInstances=false&pageNo=1&pageSize=10&keyword=&namespaceId= HTTP/1.1" 200 253 5 Mozilla/5.0 (Windows NT 10.0; Win64; x64) AppleWebKit/537.36 (KHTML, like Gecko) Chrome/108.0.0.0 Safari/537.36 Edg/108.0.1462.42
192.168.100.1 - - [14/Dec/2022:16:58:35 +0800] "GET /nacos/v1/cs/health HTTP/1.1" 200 2 5 Apache-HttpAsyncClient/4.1.3 (Java/1.8.0_40)
0:0:0:0:0:0:0:1 - - [14/Dec/2022:16:58:36 +0800] "GET /nacos/ HTTP/1.1" 304 - 4 Mozilla/5.0 (Windows NT 10.0; Win64; x64) AppleWebKit/537.36 (KHTML, like Gecko) Chrome/108.0.0.0 Safari/537.36 Edg/108.0.1462.42
0:0:0:0:0:0:0:1 - - [14/Dec/2022:16:58:36 +0800] "GET /nacos/v1/console/namespaces?namespaceId= HTTP/1.1" 200 839 10 Mozilla/5.0 (Windows NT 10.0; Win64; x64) AppleWebKit/537.36 (KHTML, like Gecko) Chrome/108.0.0.0 Safari/537.36 Edg/108.0.1462.42
0:0:0:0:0:0:0:1 - - [14/Dec/2022:16:58:36 +0800] "GET /nacos/v1/console/server/state HTTP/1.1" 200 82 4 Mozilla/5.0 (Windows NT 10.0; Win64; x64) AppleWebKit/537.36 (KHTML, like Gecko) Chrome/108.0.0.0 Safari/537.36 Edg/108.0.1462.42
127.0.0.1 - - [14/Dec/2022:16:58:36 +0800] "PUT /nacos/v1/ns/instance/beat?beat=%7B%22cluster%22%3A%22DEFAULT%22%2C%22ip%22%3A%22192.168.100.1%22%2C%22metadata%22%3A%7B%22preserved.register.source%22%3A%22SPRING_CLOUD%22%7D%2C%22period%22%3A5000%2C%22port%22%3A88%2C%22scheduled%22%3Afalse%2C%22serviceName%22%3A%22DEFAULT_GROUP%40%40gulimail-gateway%22%2C%22stopped%22%3Afalse%2C%22weight%22%3A1.0%7D&serviceName=DEFAULT_GROUP%40%40gulimail-gateway&encoding=UTF-8&namespaceId=public HTTP/1.1" 200 38 3 Nacos-Java-Client:v1.1.1
0:0:0:0:0:0:0:1 - - [14/Dec/2022:16:58:36 +0800] "GET /nacos/v1/ns/catalog/services?hasIpCount=true&withInstances=false&pageNo=1&pageSize=10&keyword=&namespaceId= HTTP/1.1" 200 253 4 Mozilla/5.0 (Windows NT 10.0; Win64; x64) AppleWebKit/537.36 (KHTML, like Gecko) Chrome/108.0.0.0 Safari/537.36 Edg/108.0.1462.42
127.0.0.1 - - [14/Dec/2022:16:58:36 +0800] "PUT /nacos/v1/ns/instance/beat?beat=%7B%22cluster%22%3A%22DEFAULT%22%2C%22ip%22%3A%22192.168.100.1%22%2C%22metadata%22%3A%7B%22preserved.register.source%22%3A%22SPRING_CLOUD%22%7D%2C%22period%22%3A5000%2C%22port%22%3A8080%2C%22scheduled%22%3Afalse%2C%22serviceName%22%3A%22DEFAULT_GROUP%40%40renren-fast%22%2C%22stopped%22%3Afalse%2C%22weight%22%3A1.0%7D&serviceName=DEFAULT_GROUP%40%40renren-fast&encoding=UTF-8&namespaceId=public HTTP/1.1" 200 38 5 Nacos-Java-Client:v1.1.1
192.168.100.1 - - [14/Dec/2022:16:58:40 +0800] "GET /nacos/v1/cs/health HTTP/1.1" 200 2 3 Apache-HttpAsyncClient/4.1.3 (Java/1.8.0_40)
127.0.0.1 - - [14/Dec/2022:16:58:41 +0800] "PUT /nacos/v1/ns/instance/beat?beat=%7B%22cluster%22%3A%22DEFAULT%22%2C%22ip%22%3A%22192.168.100.1%22%2C%22metadata%22%3A%7B%22preserved.register.source%22%3A%22SPRING_CLOUD%22%7D%2C%22period%22%3A5000%2C%22port%22%3A88%2C%22scheduled%22%3Afalse%2C%22serviceName%22%3A%22DEFAULT_GROUP%40%40gulimail-gateway%22%2C%22stopped%22%3Afalse%2C%22weight%22%3A1.0%7D&serviceName=DEFAULT_GROUP%40%40gulimail-gateway&encoding=UTF-8&namespaceId=public HTTP/1.1" 200 38 4 Nacos-Java-Client:v1.1.1
127.0.0.1 - - [14/Dec/2022:16:58:41 +0800] "PUT /nacos/v1/ns/instance/beat?beat=%7B%22cluster%22%3A%22DEFAULT%22%2C%22ip%22%3A%22192.168.100.1%22%2C%22metadata%22%3A%7B%22preserved.register.source%22%3A%22SPRING_CLOUD%22%7D%2C%22period%22%3A5000%2C%22port%22%3A8080%2C%22scheduled%22%3Afalse%2C%22serviceName%22%3A%22DEFAULT_GROUP%40%40renren-fast%22%2C%22stopped%22%3Afalse%2C%22weight%22%3A1.0%7D&serviceName=DEFAULT_GROUP%40%40renren-fast&encoding=UTF-8&namespaceId=public HTTP/1.1" 200 38 5 Nacos-Java-Client:v1.1.1
192.168.100.1 - - [14/Dec/2022:16:58:45 +0800] "GET /nacos/v1/cs/health HTTP/1.1" 200 2 4 Apache-HttpAsyncClient/4.1.3 (Java/1.8.0_40)
127.0.0.1 - - [14/Dec/2022:16:58:46 +0800] "PUT /nacos/v1/ns/instance/beat?beat=%7B%22cluster%22%3A%22DEFAULT%22%2C%22ip%22%3A%22192.168.100.1%22%2C%22metadata%22%3A%7B%22preserved.register.source%22%3A%22SPRING_CLOUD%22%7D%2C%22period%22%3A5000%2C%22port%22%3A88%2C%22scheduled%22%3Afalse%2C%22serviceName%22%3A%22DEFAULT_GROUP%40%40gulimail-gateway%22%2C%22stopped%22%3Afalse%2C%22weight%22%3A1.0%7D&serviceName=DEFAULT_GROUP%40%40gulimail-gateway&encoding=UTF-8&namespaceId=public HTTP/1.1" 200 38 3 Nacos-Java-Client:v1.1.1
127.0.0.1 - - [14/Dec/2022:16:58:46 +0800] "PUT /nacos/v1/ns/instance/beat?beat=%7B%22cluster%22%3A%22DEFAULT%22%2C%22ip%22%3A%22192.168.100.1%22%2C%22metadata%22%3A%7B%22preserved.register.source%22%3A%22SPRING_CLOUD%22%7D%2C%22period%22%3A5000%2C%22port%22%3A8080%2C%22scheduled%22%3Afalse%2C%22serviceName%22%3A%22DEFAULT_GROUP%40%40renren-fast%22%2C%22stopped%22%3Afalse%2C%22weight%22%3A1.0%7D&serviceName=DEFAULT_GROUP%40%40renren-fast&encoding=UTF-8&namespaceId=public HTTP/1.1" 200 38 3 Nacos-Java-Client:v1.1.1
127.0.0.1 - - [14/Dec/2022:16:58:47 +0800] "POST /nacos/v1/cs/configs/listener HTTP/1.1" 200 - 29504 Java/1.8.0_40
192.168.100.1 - - [14/Dec/2022:16:58:50 +0800] "GET /nacos/v1/cs/health HTTP/1.1" 200 2 3 Apache-HttpAsyncClient/4.1.3 (Java/1.8.0_40)
127.0.0.1 - - [14/Dec/2022:16:58:51 +0800] "PUT /nacos/v1/ns/instance/beat?beat=%7B%22cluster%22%3A%22DEFAULT%22%2C%22ip%22%3A%22192.168.100.1%22%2C%22metadata%22%3A%7B%22preserved.register.source%22%3A%22SPRING_CLOUD%22%7D%2C%22period%22%3A5000%2C%22port%22%3A88%2C%22scheduled%22%3Afalse%2C%22serviceName%22%3A%22DEFAULT_GROUP%40%40gulimail-gateway%22%2C%22stopped%22%3Afalse%2C%22weight%22%3A1.0%7D&serviceName=DEFAULT_GROUP%40%40gulimail-gateway&encoding=UTF-8&namespaceId=public HTTP/1.1" 200 38 24 Nacos-Java-Client:v1.1.1
127.0.0.1 - - [14/Dec/2022:16:58:51 +0800] "PUT /nacos/v1/ns/instance/beat?beat=%7B%22cluster%22%3A%22DEFAULT%22%2C%22ip%22%3A%22192.168.100.1%22%2C%22metadata%22%3A%7B%22preserved.register.source%22%3A%22SPRING_CLOUD%22%7D%2C%22period%22%3A5000%2C%22port%22%3A8080%2C%22scheduled%22%3Afalse%2C%22serviceName%22%3A%22DEFAULT_GROUP%40%40renren-fast%22%2C%22stopped%22%3Afalse%2C%22weight%22%3A1.0%7D&serviceName=DEFAULT_GROUP%40%40renren-fast&encoding=UTF-8&namespaceId=public HTTP/1.1" 200 38 3 Nacos-Java-Client:v1.1.1
192.168.100.1 - - [14/Dec/2022:16:58:55 +0800] "GET /nacos/v1/cs/health HTTP/1.1" 200 2 4 Apache-HttpAsyncClient/4.1.3 (Java/1.8.0_40)
127.0.0.1 - - [14/Dec/2022:16:58:56 +0800] "PUT /nacos/v1/ns/instance/beat?beat=%7B%22cluster%22%3A%22DEFAULT%22%2C%22ip%22%3A%22192.168.100.1%22%2C%22metadata%22%3A%7B%22preserved.register.source%22%3A%22SPRING_CLOUD%22%7D%2C%22period%22%3A5000%2C%22port%22%3A88%2C%22scheduled%22%3Afalse%2C%22serviceName%22%3A%22DEFAULT_GROUP%40%40gulimail-gateway%22%2C%22stopped%22%3Afalse%2C%22weight%22%3A1.0%7D&serviceName=DEFAULT_GROUP%40%40gulimail-gateway&encoding=UTF-8&namespaceId=public HTTP/1.1" 200 38 4 Nacos-Java-Client:v1.1.1
127.0.0.1 - - [14/Dec/2022:16:58:56 +0800] "PUT /nacos/v1/ns/instance/beat?beat=%7B%22cluster%22%3A%22DEFAULT%22%2C%22ip%22%3A%22192.168.100.1%22%2C%22metadata%22%3A%7B%22preserved.register.source%22%3A%22SPRING_CLOUD%22%7D%2C%22period%22%3A5000%2C%22port%22%3A8080%2C%22scheduled%22%3Afalse%2C%22serviceName%22%3A%22DEFAULT_GROUP%40%40renren-fast%22%2C%22stopped%22%3Afalse%2C%22weight%22%3A1.0%7D&serviceName=DEFAULT_GROUP%40%40renren-fast&encoding=UTF-8&namespaceId=public HTTP/1.1" 200 38 4 Nacos-Java-Client:v1.1.1
127.0.0.1 - - [14/Dec/2022:16:58:59 +0800] "DELETE /nacos/v1/ns/instance?namespaceId=public&port=8080&clusterName=DEFAULT&ip=192.168.100.1&ephemeral=true&serviceName=DEFAULT_GROUP%40%40renren-fast&encoding=UTF-8 HTTP/1.1" 200 2 3 Nacos-Java-Client:v1.1.1
192.168.100.1 - - [14/Dec/2022:16:59:00 +0800] "GET /nacos/v1/cs/health HTTP/1.1" 200 2 3 Apache-HttpAsyncClient/4.1.3 (Java/1.8.0_40)
127.0.0.1 - - [14/Dec/2022:16:59:01 +0800] "PUT /nacos/v1/ns/instance/beat?beat=%7B%22cluster%22%3A%22DEFAULT%22%2C%22ip%22%3A%22192.168.100.1%22%2C%22metadata%22%3A%7B%22preserved.register.source%22%3A%22SPRING_CLOUD%22%7D%2C%22period%22%3A5000%2C%22port%22%3A88%2C%22scheduled%22%3Afalse%2C%22serviceName%22%3A%22DEFAULT_GROUP%40%40gulimail-gateway%22%2C%22stopped%22%3Afalse%2C%22weight%22%3A1.0%7D&serviceName=DEFAULT_GROUP%40%40gulimail-gateway&encoding=UTF-8&namespaceId=public HTTP/1.1" 200 38 3 Nacos-Java-Client:v1.1.1
192.168.100.1 - - [14/Dec/2022:16:59:05 +0800] "GET /nacos/v1/cs/health HTTP/1.1" 200 2 3 Apache-HttpAsyncClient/4.1.3 (Java/1.8.0_40)
127.0.0.1 - - [14/Dec/2022:16:59:06 +0800] "PUT /nacos/v1/ns/instance/beat?beat=%7B%22cluster%22%3A%22DEFAULT%22%2C%22ip%22%3A%22192.168.100.1%22%2C%22metadata%22%3A%7B%22preserved.register.source%22%3A%22SPRING_CLOUD%22%7D%2C%22period%22%3A5000%2C%22port%22%3A88%2C%22scheduled%22%3Afalse%2C%22serviceName%22%3A%22DEFAULT_GROUP%40%40gulimail-gateway%22%2C%22stopped%22%3Afalse%2C%22weight%22%3A1.0%7D&serviceName=DEFAULT_GROUP%40%40gulimail-gateway&encoding=UTF-8&namespaceId=public HTTP/1.1" 200 38 4 Nacos-Java-Client:v1.1.1
192.168.100.1 - - [14/Dec/2022:16:59:10 +0800] "GET /nacos/v1/cs/health HTTP/1.1" 200 2 3 Apache-HttpAsyncClient/4.1.3 (Java/1.8.0_40)
127.0.0.1 - - [14/Dec/2022:16:59:11 +0800] "PUT /nacos/v1/ns/instance/beat?beat=%7B%22cluster%22%3A%22DEFAULT%22%2C%22ip%22%3A%22192.168.100.1%22%2C%22metadata%22%3A%7B%22preserved.register.source%22%3A%22SPRING_CLOUD%22%7D%2C%22period%22%3A5000%2C%22port%22%3A88%2C%22scheduled%22%3Afalse%2C%22serviceName%22%3A%22DEFAULT_GROUP%40%40gulimail-gateway%22%2C%22stopped%22%3Afalse%2C%22weight%22%3A1.0%7D&serviceName=DEFAULT_GROUP%40%40gulimail-gateway&encoding=UTF-8&namespaceId=public HTTP/1.1" 200 38 4 Nacos-Java-Client:v1.1.1
192.168.100.1 - - [14/Dec/2022:16:59:15 +0800] "GET /nacos/v1/cs/health HTTP/1.1" 200 2 3 Apache-HttpAsyncClient/4.1.3 (Java/1.8.0_40)
127.0.0.1 - - [14/Dec/2022:16:59:16 +0800] "PUT /nacos/v1/ns/instance/beat?beat=%7B%22cluster%22%3A%22DEFAULT%22%2C%22ip%22%3A%22192.168.100.1%22%2C%22metadata%22%3A%7B%22preserved.register.source%22%3A%22SPRING_CLOUD%22%7D%2C%22period%22%3A5000%2C%22port%22%3A88%2C%22scheduled%22%3Afalse%2C%22serviceName%22%3A%22DEFAULT_GROUP%40%40gulimail-gateway%22%2C%22stopped%22%3Afalse%2C%22weight%22%3A1.0%7D&serviceName=DEFAULT_GROUP%40%40gulimail-gateway&encoding=UTF-8&namespaceId=public HTTP/1.1" 200 38 3 Nacos-Java-Client:v1.1.1
127.0.0.1 - - [14/Dec/2022:16:59:16 +0800] "POST /nacos/v1/cs/configs/listener HTTP/1.1" 200 - 29504 Java/1.8.0_40
192.168.100.1 - - [14/Dec/2022:16:59:20 +0800] "GET /nacos/v1/cs/health HTTP/1.1" 200 2 2 Apache-HttpAsyncClient/4.1.3 (Java/1.8.0_40)
0:0:0:0:0:0:0:1 - - [14/Dec/2022:16:59:21 +0800] "GET /nacos/ HTTP/1.1" 304 - 7 Mozilla/5.0 (Windows NT 10.0; Win64; x64) AppleWebKit/537.36 (KHTML, like Gecko) Chrome/108.0.0.0 Safari/537.36 Edg/108.0.1462.42
127.0.0.1 - - [14/Dec/2022:16:59:21 +0800] "PUT /nacos/v1/ns/instance/beat?beat=%7B%22cluster%22%3A%22DEFAULT%22%2C%22ip%22%3A%22192.168.100.1%22%2C%22metadata%22%3A%7B%22preserved.register.source%22%3A%22SPRING_CLOUD%22%7D%2C%22period%22%3A5000%2C%22port%22%3A88%2C%22scheduled%22%3Afalse%2C%22serviceName%22%3A%22DEFAULT_GROUP%40%40gulimail-gateway%22%2C%22stopped%22%3Afalse%2C%22weight%22%3A1.0%7D&serviceName=DEFAULT_GROUP%40%40gulimail-gateway&encoding=UTF-8&namespaceId=public HTTP/1.1" 200 38 5 Nacos-Java-Client:v1.1.1
0:0:0:0:0:0:0:1 - - [14/Dec/2022:16:59:21 +0800] "GET /nacos/v1/console/namespaces?namespaceId= HTTP/1.1" 200 839 18 Mozilla/5.0 (Windows NT 10.0; Win64; x64) AppleWebKit/537.36 (KHTML, like Gecko) Chrome/108.0.0.0 Safari/537.36 Edg/108.0.1462.42
0:0:0:0:0:0:0:1 - - [14/Dec/2022:16:59:21 +0800] "GET /nacos/v1/console/server/state HTTP/1.1" 200 82 4 Mozilla/5.0 (Windows NT 10.0; Win64; x64) AppleWebKit/537.36 (KHTML, like Gecko) Chrome/108.0.0.0 Safari/537.36 Edg/108.0.1462.42
127.0.0.1 - - [14/Dec/2022:16:59:21 +0800] "POST /nacos/v1/ns/instance?groupName=DEFAULT_GROUP&metadata=%7B%22preserved.register.source%22%3A%22SPRING_CLOUD%22%7D&namespaceId=public&port=8080&enable=true&healthy=true&clusterName=DEFAULT&ip=192.168.100.1&weight=1.0&ephemeral=true&serviceName=DEFAULT_GROUP%40%40renren-fast&encoding=UTF-8 HTTP/1.1" 200 2 4 Nacos-Java-Client:v1.1.1
127.0.0.1 - - [14/Dec/2022:16:59:21 +0800] "PUT /nacos/v1/ns/instance/beat?beat=%7B%22cluster%22%3A%22DEFAULT%22%2C%22ip%22%3A%22192.168.100.1%22%2C%22metadata%22%3A%7B%22preserved.register.source%22%3A%22SPRING_CLOUD%22%7D%2C%22period%22%3A5000%2C%22port%22%3A8080%2C%22scheduled%22%3Afalse%2C%22serviceName%22%3A%22DEFAULT_GROUP%40%40renren-fast%22%2C%22stopped%22%3Afalse%2C%22weight%22%3A1.0%7D&serviceName=DEFAULT_GROUP%40%40renren-fast&encoding=UTF-8&namespaceId=public HTTP/1.1" 200 38 4 Nacos-Java-Client:v1.1.1
0:0:0:0:0:0:0:1 - - [14/Dec/2022:16:59:21 +0800] "GET /nacos/v1/ns/catalog/services?hasIpCount=true&withInstances=false&pageNo=1&pageSize=10&keyword=&namespaceId= HTTP/1.1" 200 253 4 Mozilla/5.0 (Windows NT 10.0; Win64; x64) AppleWebKit/537.36 (KHTML, like Gecko) Chrome/108.0.0.0 Safari/537.36 Edg/108.0.1462.42
0:0:0:0:0:0:0:1 - - [14/Dec/2022:16:59:22 +0800] "GET /nacos/ HTTP/1.1" 304 - 5 Mozilla/5.0 (Windows NT 10.0; Win64; x64) AppleWebKit/537.36 (KHTML, like Gecko) Chrome/108.0.0.0 Safari/537.36 Edg/108.0.1462.42
0:0:0:0:0:0:0:1 - - [14/Dec/2022:16:59:22 +0800] "GET /nacos/v1/console/namespaces?namespaceId= HTTP/1.1" 200 839 11 Mozilla/5.0 (Windows NT 10.0; Win64; x64) AppleWebKit/537.36 (KHTML, like Gecko) Chrome/108.0.0.0 Safari/537.36 Edg/108.0.1462.42
0:0:0:0:0:0:0:1 - - [14/Dec/2022:16:59:22 +0800] "GET /nacos/v1/console/server/state HTTP/1.1" 200 82 3 Mozilla/5.0 (Windows NT 10.0; Win64; x64) AppleWebKit/537.36 (KHTML, like Gecko) Chrome/108.0.0.0 Safari/537.36 Edg/108.0.1462.42
0:0:0:0:0:0:0:1 - - [14/Dec/2022:16:59:22 +0800] "GET /nacos/v1/ns/catalog/services?hasIpCount=true&withInstances=false&pageNo=1&pageSize=10&keyword=&namespaceId= HTTP/1.1" 200 253 3 Mozilla/5.0 (Windows NT 10.0; Win64; x64) AppleWebKit/537.36 (KHTML, like Gecko) Chrome/108.0.0.0 Safari/537.36 Edg/108.0.1462.42
0:0:0:0:0:0:0:1 - - [14/Dec/2022:16:59:24 +0800] "GET /nacos/v1/ns/catalog/services?hasIpCount=true&withInstances=false&pageNo=1&pageSize=10&keyword=&namespaceId= HTTP/1.1" 200 253 3 Mozilla/5.0 (Windows NT 10.0; Win64; x64) AppleWebKit/537.36 (KHTML, like Gecko) Chrome/108.0.0.0 Safari/537.36 Edg/108.0.1462.42
192.168.100.1 - - [14/Dec/2022:16:59:25 +0800] "GET /nacos/v1/cs/health HTTP/1.1" 200 2 3 Apache-HttpAsyncClient/4.1.3 (Java/1.8.0_40)
0:0:0:0:0:0:0:1 - - [14/Dec/2022:16:59:26 +0800] "GET /nacos/v1/console/namespaces?namespaceId= HTTP/1.1" 200 839 10 Mozilla/5.0 (Windows NT 10.0; Win64; x64) AppleWebKit/537.36 (KHTML, like Gecko) Chrome/108.0.0.0 Safari/537.36 Edg/108.0.1462.42
127.0.0.1 - - [14/Dec/2022:16:59:26 +0800] "PUT /nacos/v1/ns/instance/beat?beat=%7B%22cluster%22%3A%22DEFAULT%22%2C%22ip%22%3A%22192.168.100.1%22%2C%22metadata%22%3A%7B%22preserved.register.source%22%3A%22SPRING_CLOUD%22%7D%2C%22period%22%3A5000%2C%22port%22%3A88%2C%22scheduled%22%3Afalse%2C%22serviceName%22%3A%22DEFAULT_GROUP%40%40gulimail-gateway%22%2C%22stopped%22%3Afalse%2C%22weight%22%3A1.0%7D&serviceName=DEFAULT_GROUP%40%40gulimail-gateway&encoding=UTF-8&namespaceId=public HTTP/1.1" 200 38 4 Nacos-Java-Client:v1.1.1
127.0.0.1 - - [14/Dec/2022:16:59:26 +0800] "PUT /nacos/v1/ns/instance/beat?beat=%7B%22cluster%22%3A%22DEFAULT%22%2C%22ip%22%3A%22192.168.100.1%22%2C%22metadata%22%3A%7B%22preserved.register.source%22%3A%22SPRING_CLOUD%22%7D%2C%22period%22%3A5000%2C%22port%22%3A8080%2C%22scheduled%22%3Afalse%2C%22serviceName%22%3A%22DEFAULT_GROUP%40%40renren-fast%22%2C%22stopped%22%3Afalse%2C%22weight%22%3A1.0%7D&serviceName=DEFAULT_GROUP%40%40renren-fast&encoding=UTF-8&namespaceId=public HTTP/1.1" 200 38 4 Nacos-Java-Client:v1.1.1
0:0:0:0:0:0:0:1 - - [14/Dec/2022:16:59:26 +0800] "GET /nacos/v1/ns/catalog/services?hasIpCount=true&withInstances=false&pageNo=1&pageSize=10&keyword=&namespaceId= HTTP/1.1" 200 253 3 Mozilla/5.0 (Windows NT 10.0; Win64; x64) AppleWebKit/537.36 (KHTML, like Gecko) Chrome/108.0.0.0 Safari/537.36 Edg/108.0.1462.42
0:0:0:0:0:0:0:1 - - [14/Dec/2022:16:59:28 +0800] "GET /nacos/v1/cs/configs?search=accurate&dataId=&group=&appName=&config_tags=&pageNo=1&pageSize=10&tenant=&namespaceId= HTTP/1.1" 200 243 45 Mozilla/5.0 (Windows NT 10.0; Win64; x64) AppleWebKit/537.36 (KHTML, like Gecko) Chrome/108.0.0.0 Safari/537.36 Edg/108.0.1462.42
192.168.100.1 - - [14/Dec/2022:16:59:30 +0800] "GET /nacos/v1/cs/health HTTP/1.1" 200 2 5 Apache-HttpAsyncClient/4.1.3 (Java/1.8.0_40)
0:0:0:0:0:0:0:1 - - [14/Dec/2022:16:59:30 +0800] "GET /nacos/v1/ns/catalog/services?hasIpCount=true&withInstances=false&pageNo=1&pageSize=10&keyword=&namespaceId= HTTP/1.1" 200 253 2 Mozilla/5.0 (Windows NT 10.0; Win64; x64) AppleWebKit/537.36 (KHTML, like Gecko) Chrome/108.0.0.0 Safari/537.36 Edg/108.0.1462.42
127.0.0.1 - - [14/Dec/2022:16:59:31 +0800] "PUT /nacos/v1/ns/instance/beat?beat=%7B%22cluster%22%3A%22DEFAULT%22%2C%22ip%22%3A%22192.168.100.1%22%2C%22metadata%22%3A%7B%22preserved.register.source%22%3A%22SPRING_CLOUD%22%7D%2C%22period%22%3A5000%2C%22port%22%3A88%2C%22scheduled%22%3Afalse%2C%22serviceName%22%3A%22DEFAULT_GROUP%40%40gulimail-gateway%22%2C%22stopped%22%3Afalse%2C%22weight%22%3A1.0%7D&serviceName=DEFAULT_GROUP%40%40gulimail-gateway&encoding=UTF-8&namespaceId=public HTTP/1.1" 200 38 3 Nacos-Java-Client:v1.1.1
127.0.0.1 - - [14/Dec/2022:16:59:31 +0800] "PUT /nacos/v1/ns/instance/beat?beat=%7B%22cluster%22%3A%22DEFAULT%22%2C%22ip%22%3A%22192.168.100.1%22%2C%22metadata%22%3A%7B%22preserved.register.source%22%3A%22SPRING_CLOUD%22%7D%2C%22period%22%3A5000%2C%22port%22%3A8080%2C%22scheduled%22%3Afalse%2C%22serviceName%22%3A%22DEFAULT_GROUP%40%40renren-fast%22%2C%22stopped%22%3Afalse%2C%22weight%22%3A1.0%7D&serviceName=DEFAULT_GROUP%40%40renren-fast&encoding=UTF-8&namespaceId=public HTTP/1.1" 200 38 3 Nacos-Java-Client:v1.1.1
0:0:0:0:0:0:0:1 - - [14/Dec/2022:16:59:31 +0800] "GET /nacos/ HTTP/1.1" 304 - 6 Mozilla/5.0 (Windows NT 10.0; Win64; x64) AppleWebKit/537.36 (KHTML, like Gecko) Chrome/108.0.0.0 Safari/537.36 Edg/108.0.1462.42
0:0:0:0:0:0:0:1 - - [14/Dec/2022:16:59:32 +0800] "GET /nacos/v1/console/namespaces?namespaceId= HTTP/1.1" 200 839 9 Mozilla/5.0 (Windows NT 10.0; Win64; x64) AppleWebKit/537.36 (KHTML, like Gecko) Chrome/108.0.0.0 Safari/537.36 Edg/108.0.1462.42
0:0:0:0:0:0:0:1 - - [14/Dec/2022:16:59:32 +0800] "GET /nacos/v1/console/server/state HTTP/1.1" 200 82 3 Mozilla/5.0 (Windows NT 10.0; Win64; x64) AppleWebKit/537.36 (KHTML, like Gecko) Chrome/108.0.0.0 Safari/537.36 Edg/108.0.1462.42
0:0:0:0:0:0:0:1 - - [14/Dec/2022:16:59:32 +0800] "GET /nacos/v1/ns/catalog/services?hasIpCount=true&withInstances=false&pageNo=1&pageSize=10&keyword=&namespaceId= HTTP/1.1" 200 253 3 Mozilla/5.0 (Windows NT 10.0; Win64; x64) AppleWebKit/537.36 (KHTML, like Gecko) Chrome/108.0.0.0 Safari/537.36 Edg/108.0.1462.42
192.168.100.1 - - [14/Dec/2022:16:59:35 +0800] "GET /nacos/v1/cs/health HTTP/1.1" 200 2 3 Apache-HttpAsyncClient/4.1.3 (Java/1.8.0_40)
127.0.0.1 - - [14/Dec/2022:16:59:36 +0800] "PUT /nacos/v1/ns/instance/beat?beat=%7B%22cluster%22%3A%22DEFAULT%22%2C%22ip%22%3A%22192.168.100.1%22%2C%22metadata%22%3A%7B%22preserved.register.source%22%3A%22SPRING_CLOUD%22%7D%2C%22period%22%3A5000%2C%22port%22%3A88%2C%22scheduled%22%3Afalse%2C%22serviceName%22%3A%22DEFAULT_GROUP%40%40gulimail-gateway%22%2C%22stopped%22%3Afalse%2C%22weight%22%3A1.0%7D&serviceName=DEFAULT_GROUP%40%40gulimail-gateway&encoding=UTF-8&namespaceId=public HTTP/1.1" 200 38 4 Nacos-Java-Client:v1.1.1
